May  8 08:58:14 kali kernel: [    0.000000] Linux version 5.5.0-kali2-amd64 (devel@kali.org) (gcc version 9.3.0 (Debian 9.3.0-10)) #1 SMP Debian 5.5.17-1kali1 (2020-04-21)
May  8 08:58:14 kali kernel: [    0.000000] Command line: BOOT_IMAGE=/boot/vmlinuz-5.5.0-kali2-amd64 root=UUID=a523885c-a528-4de1-82a4-718dfd3bc8f1 ro quiet splash
May  8 08:58:14 kali kernel: [    0.000000] x86/fpu: Supporting XSAVE feature 0x001: 'x87 floating point registers'
May  8 08:58:14 kali kernel: [    0.000000] x86/fpu: Supporting XSAVE feature 0x002: 'SSE registers'
May  8 08:58:14 kali kernel: [    0.000000] x86/fpu: Supporting XSAVE feature 0x004: 'AVX registers'
May  8 08:58:14 kali kernel: [    0.000000] x86/fpu: xstate_offset[2]:  576, xstate_sizes[2]:  256
May  8 08:58:14 kali kernel: [    0.000000] x86/fpu: Enabled xstate features 0x7, context size is 832 bytes, using 'standard' format.
May  8 08:58:14 kali kernel: [    0.000000] BIOS-provided physical RAM map:
May  8 08:58:14 kali kernel: [    0.000000] BIOS-e820: [mem 0x0000000000000000-0x000000000009f3ff] usable
May  8 08:58:14 kali kernel: [    0.000000] BIOS-e820: [mem 0x000000000009f400-0x000000000009ffff] reserved
May  8 08:58:14 kali kernel: [    0.000000] BIOS-e820: [mem 0x00000000000dc000-0x00000000000fffff] reserved
May  8 08:58:14 kali kernel: [    0.000000] BIOS-e820: [mem 0x0000000000100000-0x000000007fedffff] usable
May  8 08:58:14 kali kernel: [    0.000000] BIOS-e820: [mem 0x000000007fee0000-0x000000007fefefff] ACPI data
May  8 08:58:14 kali kernel: [    0.000000] BIOS-e820: [mem 0x000000007feff000-0x000000007fefffff] ACPI NVS
May  8 08:58:14 kali kernel: [    0.000000] BIOS-e820: [mem 0x000000007ff00000-0x000000007fffffff] usable
May  8 08:58:14 kali kernel: [    0.000000] BIOS-e820: [mem 0x00000000f0000000-0x00000000f7ffffff] reserved
May  8 08:58:14 kali kernel: [    0.000000] BIOS-e820: [mem 0x00000000fec00000-0x00000000fec0ffff] reserved
May  8 08:58:14 kali kernel: [    0.000000] BIOS-e820: [mem 0x00000000fee00000-0x00000000fee00fff] reserved
May  8 08:58:14 kali kernel: [    0.000000] BIOS-e820: [mem 0x00000000fffe0000-0x00000000ffffffff] reserved
May  8 08:58:14 kali kernel: [    0.000000] NX (Execute Disable) protection: active
May  8 08:58:14 kali kernel: [    0.000000] SMBIOS 2.4 present.
May  8 08:58:14 kali kernel: [    0.000000] DMI: VMware, Inc. VMware Virtual Platform/440BX Desktop Reference Platform, BIOS 6.00 07/29/2019
May  8 08:58:14 kali kernel: [    0.000000] vmware: hypercall mode: 0x00
May  8 08:58:14 kali kernel: [    0.000000] Hypervisor detected: VMware
May  8 08:58:14 kali kernel: [    0.000000] vmware: TSC freq read from hypervisor : 3792.877 MHz
May  8 08:58:14 kali kernel: [    0.000000] vmware: Host bus clock speed read from hypervisor : 66000000 Hz
May  8 08:58:14 kali kernel: [    0.000000] vmware: using sched offset of 7007839887 ns
May  8 08:58:14 kali kernel: [    0.000001] tsc: Detected 3792.877 MHz processor
May  8 08:58:14 kali kernel: [    0.002082] e820: update [mem 0x00000000-0x00000fff] usable ==> reserved
May  8 08:58:14 kali kernel: [    0.002083] e820: remove [mem 0x000a0000-0x000fffff] usable
May  8 08:58:14 kali kernel: [    0.002086] last_pfn = 0x80000 max_arch_pfn = 0x400000000
May  8 08:58:14 kali kernel: [    0.002096] MTRR default type: uncachable
May  8 08:58:14 kali kernel: [    0.002097] MTRR fixed ranges enabled:
May  8 08:58:14 kali kernel: [    0.002098]   00000-9FFFF write-back
May  8 08:58:14 kali kernel: [    0.002098]   A0000-BFFFF uncachable
May  8 08:58:14 kali kernel: [    0.002098]   C0000-CBFFF write-protect
May  8 08:58:14 kali kernel: [    0.002099]   CC000-EFFFF uncachable
May  8 08:58:14 kali kernel: [    0.002099]   F0000-FFFFF write-protect
May  8 08:58:14 kali kernel: [    0.002100] MTRR variable ranges enabled:
May  8 08:58:14 kali kernel: [    0.002100]   0 base 0000000000 mask FF80000000 write-back
May  8 08:58:14 kali kernel: [    0.002101]   1 base 0080000000 mask FF80000000 uncachable
May  8 08:58:14 kali kernel: [    0.002101]   2 disabled
May  8 08:58:14 kali kernel: [    0.002101]   3 disabled
May  8 08:58:14 kali kernel: [    0.002102]   4 disabled
May  8 08:58:14 kali kernel: [    0.002102]   5 disabled
May  8 08:58:14 kali kernel: [    0.002102]   6 disabled
May  8 08:58:14 kali kernel: [    0.002102]   7 disabled
May  8 08:58:14 kali kernel: [    0.002119] x86/PAT: Configuration [0-7]: WB  WC  UC- UC  WB  WP  UC- WT  
May  8 08:58:14 kali kernel: [    0.004159] found SMP MP-table at [mem 0x000f6a70-0x000f6a7f]
May  8 08:58:14 kali kernel: [    0.004233] BRK [0x3ae02000, 0x3ae02fff] PGTABLE
May  8 08:58:14 kali kernel: [    0.004234] BRK [0x3ae03000, 0x3ae03fff] PGTABLE
May  8 08:58:14 kali kernel: [    0.004234] BRK [0x3ae04000, 0x3ae04fff] PGTABLE
May  8 08:58:14 kali kernel: [    0.004248] BRK [0x3ae05000, 0x3ae05fff] PGTABLE
May  8 08:58:14 kali kernel: [    0.004249] BRK [0x3ae06000, 0x3ae06fff] PGTABLE
May  8 08:58:14 kali kernel: [    0.004295] BRK [0x3ae07000, 0x3ae07fff] PGTABLE
May  8 08:58:14 kali kernel: [    0.004316] RAMDISK: [mem 0x3113d000-0x34895fff]
May  8 08:58:14 kali kernel: [    0.004331] ACPI: Early table checksum verification disabled
May  8 08:58:14 kali kernel: [    0.004332] ACPI: RSDP 0x00000000000F6A00 000024 (v02 PTLTD )
May  8 08:58:14 kali kernel: [    0.004334] ACPI: XSDT 0x000000007FEEDA02 00005C (v01 INTEL  440BX    06040000 VMW  01324272)
May  8 08:58:14 kali kernel: [    0.004337] ACPI: FACP 0x000000007FEFEE73 0000F4 (v04 INTEL  440BX    06040000 PTL  000F4240)
May  8 08:58:14 kali kernel: [    0.004341] ACPI: DSDT 0x000000007FEEE009 010E6A (v01 PTLTD  Custom   06040000 MSFT 03000001)
May  8 08:58:14 kali kernel: [    0.004344] ACPI: FACS 0x000000007FEFFFC0 000040
May  8 08:58:14 kali kernel: [    0.004345] ACPI: FACS 0x000000007FEFFFC0 000040
May  8 08:58:14 kali kernel: [    0.004346] ACPI: BOOT 0x000000007FEEDFBC 000028 (v01 PTLTD  $SBFTBL$ 06040000  LTP 00000001)
May  8 08:58:14 kali kernel: [    0.004348] ACPI: APIC 0x000000007FEEDDBA 000202 (v01 PTLTD  ? APIC   06040000  LTP 00000000)
May  8 08:58:14 kali kernel: [    0.004350] ACPI: MCFG 0x000000007FEEDD7E 00003C (v01 PTLTD  $PCITBL$ 06040000  LTP 00000001)
May  8 08:58:14 kali kernel: [    0.004351] ACPI: SRAT 0x000000007FEEDAFE 000280 (v02 VMWARE MEMPLUG  06040000 VMW  00000001)
May  8 08:58:14 kali kernel: [    0.004352] ACPI: HPET 0x000000007FEEDAC6 000038 (v01 VMWARE VMW HPET 06040000 VMW  00000001)
May  8 08:58:14 kali kernel: [    0.004354] ACPI: WAET 0x000000007FEEDA9E 000028 (v01 VMWARE VMW WAET 06040000 VMW  00000001)
May  8 08:58:14 kali kernel: [    0.004358] ACPI: Local APIC address 0xfee00000
May  8 08:58:14 kali kernel: [    0.004359] system APIC only can use physical flat
May  8 08:58:14 kali kernel: [    0.004359] Setting APIC routing to physical flat.
May  8 08:58:14 kali kernel: [    0.004386] SRAT: PXM 0 -> APIC 0x00 -> Node 0
May  8 08:58:14 kali kernel: [    0.004387] SRAT: PXM 0 -> APIC 0x01 -> Node 0
May  8 08:58:14 kali kernel: [    0.004387] SRAT: PXM 0 -> APIC 0x02 -> Node 0
May  8 08:58:14 kali kernel: [    0.004387] SRAT: PXM 0 -> APIC 0x03 -> Node 0
May  8 08:58:14 kali kernel: [    0.004388] SRAT: PXM 0 -> APIC 0x04 -> Node 0
May  8 08:58:14 kali kernel: [    0.004388] SRAT: PXM 0 -> APIC 0x05 -> Node 0
May  8 08:58:14 kali kernel: [    0.004388] SRAT: PXM 0 -> APIC 0x06 -> Node 0
May  8 08:58:14 kali kernel: [    0.004389] SRAT: PXM 0 -> APIC 0x07 -> Node 0
May  8 08:58:14 kali kernel: [    0.004389] SRAT: PXM 0 -> APIC 0x08 -> Node 0
May  8 08:58:14 kali kernel: [    0.004389] SRAT: PXM 0 -> APIC 0x09 -> Node 0
May  8 08:58:14 kali kernel: [    0.004390] SRAT: PXM 0 -> APIC 0x0a -> Node 0
May  8 08:58:14 kali kernel: [    0.004390] SRAT: PXM 0 -> APIC 0x0b -> Node 0
May  8 08:58:14 kali kernel: [    0.004390] SRAT: PXM 0 -> APIC 0x0c -> Node 0
May  8 08:58:14 kali kernel: [    0.004390] SRAT: PXM 0 -> APIC 0x0d -> Node 0
May  8 08:58:14 kali kernel: [    0.004391] SRAT: PXM 0 -> APIC 0x0e -> Node 0
May  8 08:58:14 kali kernel: [    0.004391] SRAT: PXM 0 -> APIC 0x0f -> Node 0
May  8 08:58:14 kali kernel: [    0.004391] SRAT: PXM 0 -> APIC 0x10 -> Node 0
May  8 08:58:14 kali kernel: [    0.004392] SRAT: PXM 0 -> APIC 0x11 -> Node 0
May  8 08:58:14 kali kernel: [    0.004392] SRAT: PXM 0 -> APIC 0x12 -> Node 0
May  8 08:58:14 kali kernel: [    0.004392] SRAT: PXM 0 -> APIC 0x13 -> Node 0
May  8 08:58:14 kali kernel: [    0.004393] SRAT: PXM 0 -> APIC 0x14 -> Node 0
May  8 08:58:14 kali kernel: [    0.004393] SRAT: PXM 0 -> APIC 0x15 -> Node 0
May  8 08:58:14 kali kernel: [    0.004393] SRAT: PXM 0 -> APIC 0x16 -> Node 0
May  8 08:58:14 kali kernel: [    0.004393] SRAT: PXM 0 -> APIC 0x17 -> Node 0
May  8 08:58:14 kali kernel: [    0.004394] SRAT: PXM 0 -> APIC 0x18 -> Node 0
May  8 08:58:14 kali kernel: [    0.004394] SRAT: PXM 0 -> APIC 0x19 -> Node 0
May  8 08:58:14 kali kernel: [    0.004394] SRAT: PXM 0 -> APIC 0x1a -> Node 0
May  8 08:58:14 kali kernel: [    0.004395] SRAT: PXM 0 -> APIC 0x1b -> Node 0
May  8 08:58:14 kali kernel: [    0.004395] SRAT: PXM 0 -> APIC 0x1c -> Node 0
May  8 08:58:14 kali kernel: [    0.004395] SRAT: PXM 0 -> APIC 0x1d -> Node 0
May  8 08:58:14 kali kernel: [    0.004395] SRAT: PXM 0 -> APIC 0x1e -> Node 0
May  8 08:58:14 kali kernel: [    0.004396] SRAT: PXM 0 -> APIC 0x1f -> Node 0
May  8 08:58:14 kali kernel: [    0.004397] ACPI: SRAT: Node 0 PXM 0 [mem 0x00000000-0x0009ffff]
May  8 08:58:14 kali kernel: [    0.004398] ACPI: SRAT: Node 0 PXM 0 [mem 0x00100000-0x7fffffff]
May  8 08:58:14 kali kernel: [    0.004399] NUMA: Node 0 [mem 0x00000000-0x0009ffff] + [mem 0x00100000-0x7fffffff] -> [mem 0x00000000-0x7fffffff]
May  8 08:58:14 kali kernel: [    0.004401] NODE_DATA(0) allocated [mem 0x7fffb000-0x7fffffff]
May  8 08:58:14 kali kernel: [    0.004429] Zone ranges:
May  8 08:58:14 kali kernel: [    0.004430]   DMA      [mem 0x0000000000001000-0x0000000000ffffff]
May  8 08:58:14 kali kernel: [    0.004430]   DMA32    [mem 0x0000000001000000-0x000000007fffffff]
May  8 08:58:14 kali kernel: [    0.004431]   Normal   empty
May  8 08:58:14 kali kernel: [    0.004431]   Device   empty
May  8 08:58:14 kali kernel: [    0.004432] Movable zone start for each node
May  8 08:58:14 kali kernel: [    0.004432] Early memory node ranges
May  8 08:58:14 kali kernel: [    0.004432]   node   0: [mem 0x0000000000001000-0x000000000009efff]
May  8 08:58:14 kali kernel: [    0.004433]   node   0: [mem 0x0000000000100000-0x000000007fedffff]
May  8 08:58:14 kali kernel: [    0.004433]   node   0: [mem 0x000000007ff00000-0x000000007fffffff]
May  8 08:58:14 kali kernel: [    0.004437] Zeroed struct page in unavailable ranges: 130 pages
May  8 08:58:14 kali kernel: [    0.004437] Initmem setup node 0 [mem 0x0000000000001000-0x000000007fffffff]
May  8 08:58:14 kali kernel: [    0.004438] On node 0 totalpages: 524158
May  8 08:58:14 kali kernel: [    0.004439]   DMA zone: 64 pages used for memmap
May  8 08:58:14 kali kernel: [    0.004439]   DMA zone: 21 pages reserved
May  8 08:58:14 kali kernel: [    0.004440]   DMA zone: 3998 pages, LIFO batch:0
May  8 08:58:14 kali kernel: [    0.004481]   DMA32 zone: 8128 pages used for memmap
May  8 08:58:14 kali kernel: [    0.004481]   DMA32 zone: 520160 pages, LIFO batch:63
May  8 08:58:14 kali kernel: [    0.007371] ACPI: PM-Timer IO Port: 0x1008
May  8 08:58:14 kali kernel: [    0.007372] ACPI: Local APIC address 0xfee00000
May  8 08:58:14 kali kernel: [    0.007372] system APIC only can use physical flat
May  8 08:58:14 kali kernel: [    0.007376] ACPI: LAPIC_NMI (acpi_id[0x00] high edge lint[0x1])
May  8 08:58:14 kali kernel: [    0.007376] ACPI: LAPIC_NMI (acpi_id[0x01] high edge lint[0x1])
May  8 08:58:14 kali kernel: [    0.007377] ACPI: LAPIC_NMI (acpi_id[0x02] high edge lint[0x1])
May  8 08:58:14 kali kernel: [    0.007377] ACPI: LAPIC_NMI (acpi_id[0x03] high edge lint[0x1])
May  8 08:58:14 kali kernel: [    0.007377] ACPI: LAPIC_NMI (acpi_id[0x04] high edge lint[0x1])
May  8 08:58:14 kali kernel: [    0.007378] ACPI: LAPIC_NMI (acpi_id[0x05] high edge lint[0x1])
May  8 08:58:14 kali kernel: [    0.007378] ACPI: LAPIC_NMI (acpi_id[0x06] high edge lint[0x1])
May  8 08:58:14 kali kernel: [    0.007378] ACPI: LAPIC_NMI (acpi_id[0x07] high edge lint[0x1])
May  8 08:58:14 kali kernel: [    0.007379] ACPI: LAPIC_NMI (acpi_id[0x08] high edge lint[0x1])
May  8 08:58:14 kali kernel: [    0.007379] ACPI: LAPIC_NMI (acpi_id[0x09] high edge lint[0x1])
May  8 08:58:14 kali kernel: [    0.007379] ACPI: LAPIC_NMI (acpi_id[0x0a] high edge lint[0x1])
May  8 08:58:14 kali kernel: [    0.007379] ACPI: LAPIC_NMI (acpi_id[0x0b] high edge lint[0x1])
May  8 08:58:14 kali kernel: [    0.007380] ACPI: LAPIC_NMI (acpi_id[0x0c] high edge lint[0x1])
May  8 08:58:14 kali kernel: [    0.007380] ACPI: LAPIC_NMI (acpi_id[0x0d] high edge lint[0x1])
May  8 08:58:14 kali kernel: [    0.007380] ACPI: LAPIC_NMI (acpi_id[0x0e] high edge lint[0x1])
May  8 08:58:14 kali kernel: [    0.007381] ACPI: LAPIC_NMI (acpi_id[0x0f] high edge lint[0x1])
May  8 08:58:14 kali kernel: [    0.007381] ACPI: LAPIC_NMI (acpi_id[0x10] high edge lint[0x1])
May  8 08:58:14 kali kernel: [    0.007381] ACPI: LAPIC_NMI (acpi_id[0x11] high edge lint[0x1])
May  8 08:58:14 kali kernel: [    0.007382] ACPI: LAPIC_NMI (acpi_id[0x12] high edge lint[0x1])
May  8 08:58:14 kali kernel: [    0.007382] ACPI: LAPIC_NMI (acpi_id[0x13] high edge lint[0x1])
May  8 08:58:14 kali kernel: [    0.007382] ACPI: LAPIC_NMI (acpi_id[0x14] high edge lint[0x1])
May  8 08:58:14 kali kernel: [    0.007382] ACPI: LAPIC_NMI (acpi_id[0x15] high edge lint[0x1])
May  8 08:58:14 kali kernel: [    0.007383] ACPI: LAPIC_NMI (acpi_id[0x16] high edge lint[0x1])
May  8 08:58:14 kali kernel: [    0.007383] ACPI: LAPIC_NMI (acpi_id[0x17] high edge lint[0x1])
May  8 08:58:14 kali kernel: [    0.007383] ACPI: LAPIC_NMI (acpi_id[0x18] high edge lint[0x1])
May  8 08:58:14 kali kernel: [    0.007384] ACPI: LAPIC_NMI (acpi_id[0x19] high edge lint[0x1])
May  8 08:58:14 kali kernel: [    0.007384] ACPI: LAPIC_NMI (acpi_id[0x1a] high edge lint[0x1])
May  8 08:58:14 kali kernel: [    0.007384] ACPI: LAPIC_NMI (acpi_id[0x1b] high edge lint[0x1])
May  8 08:58:14 kali kernel: [    0.007385] ACPI: LAPIC_NMI (acpi_id[0x1c] high edge lint[0x1])
May  8 08:58:14 kali kernel: [    0.007385] ACPI: LAPIC_NMI (acpi_id[0x1d] high edge lint[0x1])
May  8 08:58:14 kali kernel: [    0.007385] ACPI: LAPIC_NMI (acpi_id[0x1e] high edge lint[0x1])
May  8 08:58:14 kali kernel: [    0.007385] ACPI: LAPIC_NMI (acpi_id[0x1f] high edge lint[0x1])
May  8 08:58:14 kali kernel: [    0.007411] IOAPIC[0]: apic_id 32, version 17, address 0xfec00000, GSI 0-23
May  8 08:58:14 kali kernel: [    0.007413] ACPI: INT_SRC_OVR (bus 0 bus_irq 0 global_irq 2 high edge)
May  8 08:58:14 kali kernel: [    0.007414] ACPI: IRQ0 used by override.
May  8 08:58:14 kali kernel: [    0.007415] ACPI: IRQ9 used by override.
May  8 08:58:14 kali kernel: [    0.007416] Using ACPI (MADT) for SMP configuration information
May  8 08:58:14 kali kernel: [    0.007416] ACPI: HPET id: 0x8086af01 base: 0xfed00000
May  8 08:58:14 kali kernel: [    0.007423] smpboot: Allowing 32 CPUs, 28 hotplug CPUs
May  8 08:58:14 kali kernel: [    0.007430] PM: Registered nosave memory: [mem 0x00000000-0x00000fff]
May  8 08:58:14 kali kernel: [    0.007430] PM: Registered nosave memory: [mem 0x0009f000-0x0009ffff]
May  8 08:58:14 kali kernel: [    0.007431] PM: Registered nosave memory: [mem 0x000a0000-0x000dbfff]
May  8 08:58:14 kali kernel: [    0.007431] PM: Registered nosave memory: [mem 0x000dc000-0x000fffff]
May  8 08:58:14 kali kernel: [    0.007432] PM: Registered nosave memory: [mem 0x7fee0000-0x7fefefff]
May  8 08:58:14 kali kernel: [    0.007432] PM: Registered nosave memory: [mem 0x7feff000-0x7fefffff]
May  8 08:58:14 kali kernel: [    0.007433] [mem 0x80000000-0xefffffff] available for PCI devices
May  8 08:58:14 kali kernel: [    0.007433] Booting paravirtualized kernel on VMware hypervisor
May  8 08:58:14 kali kernel: [    0.007435] clocksource: refined-jiffies: mask: 0xffffffff max_cycles: 0xffffffff, max_idle_ns: 7645519600211568 ns
May  8 08:58:14 kali kernel: [    0.067734] setup_percpu: NR_CPUS:512 nr_cpumask_bits:512 nr_cpu_ids:32 nr_node_ids:1
May  8 08:58:14 kali kernel: [    0.069237] percpu: Embedded 55 pages/cpu s187800 r8192 d29288 u262144
May  8 08:58:14 kali kernel: [    0.069241] pcpu-alloc: s187800 r8192 d29288 u262144 alloc=1*2097152
May  8 08:58:14 kali kernel: [    0.069242] pcpu-alloc: [0] 00 01 02 03 04 05 06 07 [0] 08 09 10 11 12 13 14 15 
May  8 08:58:14 kali kernel: [    0.069244] pcpu-alloc: [0] 16 17 18 19 20 21 22 23 [0] 24 25 26 27 28 29 30 31 
May  8 08:58:14 kali kernel: [    0.069264] Built 1 zonelists, mobility grouping on.  Total pages: 515945
May  8 08:58:14 kali kernel: [    0.069265] Policy zone: DMA32
May  8 08:58:14 kali kernel: [    0.069267] Kernel command line: BOOT_IMAGE=/boot/vmlinuz-5.5.0-kali2-amd64 root=UUID=a523885c-a528-4de1-82a4-718dfd3bc8f1 ro quiet splash
May  8 08:58:14 kali kernel: [    0.069301] printk: log_buf_len individual max cpu contribution: 4096 bytes
May  8 08:58:14 kali kernel: [    0.069301] printk: log_buf_len total cpu_extra contributions: 126976 bytes
May  8 08:58:14 kali kernel: [    0.069301] printk: log_buf_len min size: 131072 bytes
May  8 08:58:14 kali kernel: [    0.069333] printk: log_buf_len: 262144 bytes
May  8 08:58:14 kali kernel: [    0.069333] printk: early log buf free: 118884(90%)
May  8 08:58:14 kali kernel: [    0.069519] Dentry cache hash table entries: 262144 (order: 9, 2097152 bytes, linear)
May  8 08:58:14 kali kernel: [    0.069606] Inode-cache hash table entries: 131072 (order: 8, 1048576 bytes, linear)
May  8 08:58:14 kali kernel: [    0.069701] mem auto-init: stack:off, heap alloc:off, heap free:off
May  8 08:58:14 kali kernel: [    0.070924] Memory: 261668K/2096632K available (10243K kernel code, 1221K rwdata, 3972K rodata, 1672K init, 1980K bss, 124624K reserved, 0K cma-reserved)
May  8 08:58:14 kali kernel: [    0.070930] random: get_random_u64 called from __kmem_cache_create+0x3e/0x530 with crng_init=0
May  8 08:58:14 kali kernel: [    0.071106] SLUB: HWalign=64, Order=0-3, MinObjects=0, CPUs=32, Nodes=1
May  8 08:58:14 kali kernel: [    0.071119] ftrace: allocating 34294 entries in 134 pages
May  8 08:58:14 kali kernel: [    0.079167] ftrace: allocated 134 pages with 3 groups
May  8 08:58:14 kali kernel: [    0.079359] rcu: Hierarchical RCU implementation.
May  8 08:58:14 kali kernel: [    0.079360] rcu: 	RCU restricting CPUs from NR_CPUS=512 to nr_cpu_ids=32.
May  8 08:58:14 kali kernel: [    0.079361] rcu: RCU calculated value of scheduler-enlistment delay is 25 jiffies.
May  8 08:58:14 kali kernel: [    0.079361] rcu: Adjusting geometry for rcu_fanout_leaf=16, nr_cpu_ids=32
May  8 08:58:14 kali kernel: [    0.081027] NR_IRQS: 33024, nr_irqs: 680, preallocated irqs: 16
May  8 08:58:14 kali kernel: [    0.082509] Console: colour VGA+ 80x25
May  8 08:58:14 kali kernel: [    0.082512] printk: console [tty0] enabled
May  8 08:58:14 kali kernel: [    0.082527] ACPI: Core revision 20191018
May  8 08:58:14 kali kernel: [    0.082725] clocksource: hpet: mask: 0xffffffff max_cycles: 0xffffffff, max_idle_ns: 133484882848 ns
May  8 08:58:14 kali kernel: [    0.082771] APIC: Switch to symmetric I/O mode setup
May  8 08:58:14 kali kernel: [    0.083039] ..TIMER: vector=0x30 apic1=0 pin1=2 apic2=-1 pin2=-1
May  8 08:58:14 kali kernel: [    0.083051] clocksource: tsc-early: mask: 0xffffffffffffffff max_cycles: 0x6d581e7db98, max_idle_ns: 881590517229 ns
May  8 08:58:14 kali kernel: [    0.083053] Calibrating delay loop (skipped) preset value.. 7585.75 BogoMIPS (lpj=15171508)
May  8 08:58:14 kali kernel: [    0.083055] pid_max: default: 32768 minimum: 301
May  8 08:58:14 kali kernel: [    0.083082] LSM: Security Framework initializing
May  8 08:58:14 kali kernel: [    0.083086] Yama: disabled by default; enable with sysctl kernel.yama.*
May  8 08:58:14 kali kernel: [    0.083101] AppArmor: AppArmor initialized
May  8 08:58:14 kali kernel: [    0.083102] TOMOYO Linux initialized
May  8 08:58:14 kali kernel: [    0.083121] Mount-cache hash table entries: 4096 (order: 3, 32768 bytes, linear)
May  8 08:58:14 kali kernel: [    0.083129] Mountpoint-cache hash table entries: 4096 (order: 3, 32768 bytes, linear)
May  8 08:58:14 kali kernel: [    0.083383] LVT offset 2 assigned for vector 0xf4
May  8 08:58:14 kali kernel: [    0.083389] Last level iTLB entries: 4KB 1024, 2MB 1024, 4MB 512
May  8 08:58:14 kali kernel: [    0.083390] Last level dTLB entries: 4KB 2048, 2MB 2048, 4MB 1024, 1GB 0
May  8 08:58:14 kali kernel: [    0.083391] Spectre V1 : Mitigation: usercopy/swapgs barriers and __user pointer sanitization
May  8 08:58:14 kali kernel: [    0.083392] Spectre V2 : Mitigation: Full AMD retpoline
May  8 08:58:14 kali kernel: [    0.083392] Spectre V2 : Spectre v2 / SpectreRSB mitigation: Filling RSB on context switch
May  8 08:58:14 kali kernel: [    0.083393] Speculative Store Bypass: Mitigation: Speculative Store Bypass disabled via prctl and seccomp
May  8 08:58:14 kali kernel: [    0.083495] Freeing SMP alternatives memory: 32K
May  8 08:58:14 kali kernel: [    0.085484] smpboot: CPU0: AMD Ryzen 9 3900X 12-Core Processor (family: 0x17, model: 0x71, stepping: 0x0)
May  8 08:58:14 kali kernel: [    0.085561] Performance Events: AMD PMU driver.
May  8 08:58:14 kali kernel: [    0.085569] ... version:                0
May  8 08:58:14 kali kernel: [    0.085569] ... bit width:              48
May  8 08:58:14 kali kernel: [    0.085570] ... generic registers:      4
May  8 08:58:14 kali kernel: [    0.085570] ... value mask:             0000ffffffffffff
May  8 08:58:14 kali kernel: [    0.085570] ... max period:             00007fffffffffff
May  8 08:58:14 kali kernel: [    0.085570] ... fixed-purpose events:   0
May  8 08:58:14 kali kernel: [    0.085571] ... event mask:             000000000000000f
May  8 08:58:14 kali kernel: [    0.085608] rcu: Hierarchical SRCU implementation.
May  8 08:58:14 kali kernel: [    0.085841] NMI watchdog: Enabled. Permanently consumes one hw-PMU counter.
May  8 08:58:14 kali kernel: [    0.086331] smp: Bringing up secondary CPUs ...
May  8 08:58:14 kali kernel: [    0.086448] x86: Booting SMP configuration:
May  8 08:58:14 kali kernel: [    0.086449] .... node  #0, CPUs:        #1  #2
May  8 08:58:14 kali kernel: [    0.005802] smpboot: CPU 2 Converting physical 0 to logical die 1
May  8 08:58:14 kali kernel: [    0.087628]   #3
May  8 08:58:14 kali kernel: [    0.087645] smp: Brought up 1 node, 4 CPUs
May  8 08:58:14 kali kernel: [    0.087645] smpboot: Max logical packages: 16
May  8 08:58:14 kali kernel: [    0.087645] smpboot: Total of 4 processors activated (30343.01 BogoMIPS)
May  8 08:58:14 kali kernel: [    0.091056] node 0 initialised, 427585 pages in 4ms
May  8 08:58:14 kali kernel: [    0.091309] devtmpfs: initialized
May  8 08:58:14 kali kernel: [    0.091309] x86/mm: Memory block size: 128MB
May  8 08:58:14 kali kernel: [    0.091404] PM: Registering ACPI NVS region [mem 0x7feff000-0x7fefffff] (4096 bytes)
May  8 08:58:14 kali kernel: [    0.091404] clocksource: jiffies: mask: 0xffffffff max_cycles: 0xffffffff, max_idle_ns: 7645041785100000 ns
May  8 08:58:14 kali kernel: [    0.091404] futex hash table entries: 8192 (order: 7, 524288 bytes, linear)
May  8 08:58:14 kali kernel: [    0.091404] pinctrl core: initialized pinctrl subsystem
May  8 08:58:14 kali kernel: [    0.091404] thermal_sys: Registered thermal governor 'fair_share'
May  8 08:58:14 kali kernel: [    0.091404] thermal_sys: Registered thermal governor 'bang_bang'
May  8 08:58:14 kali kernel: [    0.091404] thermal_sys: Registered thermal governor 'step_wise'
May  8 08:58:14 kali kernel: [    0.091404] thermal_sys: Registered thermal governor 'user_space'
May  8 08:58:14 kali kernel: [    0.091517] NET: Registered protocol family 16
May  8 08:58:14 kali kernel: [    0.091565] audit: initializing netlink subsys (disabled)
May  8 08:58:14 kali kernel: [    0.091581] audit: type=2000 audit(1588942691.008:1): state=initialized audit_enabled=0 res=1
May  8 08:58:14 kali kernel: [    0.095069] cpuidle: using governor ladder
May  8 08:58:14 kali kernel: [    0.095085] cpuidle: using governor menu
May  8 08:58:14 kali kernel: [    0.095204] Simple Boot Flag at 0x36 set to 0x80
May  8 08:58:14 kali kernel: [    0.095204] ACPI: bus type PCI registered
May  8 08:58:14 kali kernel: [    0.095204] acpiphp: ACPI Hot Plug PCI Controller Driver version: 0.5
May  8 08:58:14 kali kernel: [    0.095255] PCI: MMCONFIG for domain 0000 [bus 00-7f] at [mem 0xf0000000-0xf7ffffff] (base 0xf0000000)
May  8 08:58:14 kali kernel: [    0.095257] PCI: MMCONFIG at [mem 0xf0000000-0xf7ffffff] reserved in E820
May  8 08:58:14 kali kernel: [    0.095267] PCI: Using configuration type 1 for base access
May  8 08:58:14 kali kernel: [    0.095768] HugeTLB registered 2.00 MiB page size, pre-allocated 0 pages
May  8 08:58:14 kali kernel: [    0.175314] ACPI: Added _OSI(Module Device)
May  8 08:58:14 kali kernel: [    0.175314] ACPI: Added _OSI(Processor Device)
May  8 08:58:14 kali kernel: [    0.175314] ACPI: Added _OSI(3.0 _SCP Extensions)
May  8 08:58:14 kali kernel: [    0.175314] ACPI: Added _OSI(Processor Aggregator Device)
May  8 08:58:14 kali kernel: [    0.175314] ACPI: Added _OSI(Linux-Dell-Video)
May  8 08:58:14 kali kernel: [    0.175314] ACPI: Added _OSI(Linux-Lenovo-NV-HDMI-Audio)
May  8 08:58:14 kali kernel: [    0.175314] ACPI: Added _OSI(Linux-HPI-Hybrid-Graphics)
May  8 08:58:14 kali kernel: [    0.177589] ACPI: 1 ACPI AML tables successfully acquired and loaded
May  8 08:58:14 kali kernel: [    0.178355] ACPI: [Firmware Bug]: BIOS _OSI(Linux) query ignored
May  8 08:58:14 kali kernel: [    0.181505] ACPI: Interpreter enabled
May  8 08:58:14 kali kernel: [    0.181513] ACPI: (supports S0 S1 S4 S5)
May  8 08:58:14 kali kernel: [    0.181514] ACPI: Using IOAPIC for interrupt routing
May  8 08:58:14 kali kernel: [    0.181524] PCI: Using host bridge windows from ACPI; if necessary, use "pci=nocrs" and report a bug
May  8 08:58:14 kali kernel: [    0.181787] ACPI: Enabled 4 GPEs in block 00 to 0F
May  8 08:58:14 kali kernel: [    0.206341] ACPI: PCI Root Bridge [PCI0] (domain 0000 [bus 00-7f])
May  8 08:58:14 kali kernel: [    0.206345] acpi PNP0A03:00: _OSC: OS supports [ExtendedConfig ASPM ClockPM Segments MSI HPX-Type3]
May  8 08:58:14 kali kernel: [    0.206452] acpi PNP0A03:00: _OSC: platform does not support [AER LTR]
May  8 08:58:14 kali kernel: [    0.206558] acpi PNP0A03:00: _OSC: OS now controls [PCIeHotplug SHPCHotplug PME PCIeCapability]
May  8 08:58:14 kali kernel: [    0.207719] PCI host bridge to bus 0000:00
May  8 08:58:14 kali kernel: [    0.207721] pci_bus 0000:00: root bus resource [mem 0x000a0000-0x000bffff window]
May  8 08:58:14 kali kernel: [    0.207721] pci_bus 0000:00: root bus resource [mem 0x000cc000-0x000cffff window]
May  8 08:58:14 kali kernel: [    0.207722] pci_bus 0000:00: root bus resource [mem 0x000d0000-0x000d3fff window]
May  8 08:58:14 kali kernel: [    0.207723] pci_bus 0000:00: root bus resource [mem 0x000d4000-0x000d7fff window]
May  8 08:58:14 kali kernel: [    0.207723] pci_bus 0000:00: root bus resource [mem 0x000d8000-0x000dbfff window]
May  8 08:58:14 kali kernel: [    0.207724] pci_bus 0000:00: root bus resource [mem 0x80000000-0xfebfffff window]
May  8 08:58:14 kali kernel: [    0.207724] pci_bus 0000:00: root bus resource [io  0x0000-0x0cf7 window]
May  8 08:58:14 kali kernel: [    0.207725] pci_bus 0000:00: root bus resource [io  0x0d00-0xfeff window]
May  8 08:58:14 kali kernel: [    0.207726] pci_bus 0000:00: root bus resource [bus 00-7f]
May  8 08:58:14 kali kernel: [    0.207763] pci 0000:00:00.0: [8086:7190] type 00 class 0x060000
May  8 08:58:14 kali kernel: [    0.208269] pci 0000:00:01.0: [8086:7191] type 01 class 0x060400
May  8 08:58:14 kali kernel: [    0.208686] pci 0000:00:07.0: [8086:7110] type 00 class 0x060100
May  8 08:58:14 kali kernel: [    0.209244] pci 0000:00:07.1: [8086:7111] type 00 class 0x01018a
May  8 08:58:14 kali kernel: [    0.210215] pci 0000:00:07.1: reg 0x20: [io  0x1060-0x106f]
May  8 08:58:14 kali kernel: [    0.210601] pci 0000:00:07.1: legacy IDE quirk: reg 0x10: [io  0x01f0-0x01f7]
May  8 08:58:14 kali kernel: [    0.210601] pci 0000:00:07.1: legacy IDE quirk: reg 0x14: [io  0x03f6]
May  8 08:58:14 kali kernel: [    0.210602] pci 0000:00:07.1: legacy IDE quirk: reg 0x18: [io  0x0170-0x0177]
May  8 08:58:14 kali kernel: [    0.210602] pci 0000:00:07.1: legacy IDE quirk: reg 0x1c: [io  0x0376]
May  8 08:58:14 kali kernel: [    0.210767] pci 0000:00:07.3: [8086:7113] type 00 class 0x068000
May  8 08:58:14 kali kernel: [    0.212008] pci 0000:00:07.3: quirk: [io  0x1000-0x103f] claimed by PIIX4 ACPI
May  8 08:58:14 kali kernel: [    0.212016] pci 0000:00:07.3: quirk: [io  0x1040-0x104f] claimed by PIIX4 SMB
May  8 08:58:14 kali kernel: [    0.212256] pci 0000:00:07.7: [15ad:0740] type 00 class 0x088000
May  8 08:58:14 kali kernel: [    0.212680] pci 0000:00:07.7: reg 0x10: [io  0x1080-0x10bf]
May  8 08:58:14 kali kernel: [    0.213056] pci 0000:00:07.7: reg 0x14: [mem 0xfebfe000-0xfebfffff 64bit]
May  8 08:58:14 kali kernel: [    0.214791] pci 0000:00:0f.0: [15ad:0405] type 00 class 0x030000
May  8 08:58:14 kali kernel: [    0.215571] pci 0000:00:0f.0: reg 0x10: [io  0x1070-0x107f]
May  8 08:58:14 kali kernel: [    0.216698] pci 0000:00:0f.0: reg 0x14: [mem 0xe8000000-0xefffffff pref]
May  8 08:58:14 kali kernel: [    0.217711] pci 0000:00:0f.0: reg 0x18: [mem 0xfe000000-0xfe7fffff]
May  8 08:58:14 kali kernel: [    0.225670] pci 0000:00:0f.0: reg 0x30: [mem 0x00000000-0x00007fff pref]
May  8 08:58:14 kali kernel: [    0.226018] pci 0000:00:10.0: [1000:0030] type 00 class 0x010000
May  8 08:58:14 kali kernel: [    0.226018] pci 0000:00:10.0: reg 0x10: [io  0x1400-0x14ff]
May  8 08:58:14 kali kernel: [    0.226018] pci 0000:00:10.0: reg 0x14: [mem 0xfeba0000-0xfebbffff 64bit]
May  8 08:58:14 kali kernel: [    0.226018] pci 0000:00:10.0: reg 0x1c: [mem 0xfebc0000-0xfebdffff 64bit]
May  8 08:58:14 kali kernel: [    0.226018] pci 0000:00:10.0: reg 0x30: [mem 0x00000000-0x00003fff pref]
May  8 08:58:14 kali kernel: [    0.226018] pci 0000:00:11.0: [15ad:0790] type 01 class 0x060401
May  8 08:58:14 kali kernel: [    0.226132] pci 0000:00:15.0: [15ad:07a0] type 01 class 0x060400
May  8 08:58:14 kali kernel: [    0.226816] pci 0000:00:15.0: PME# supported from D0 D3hot D3cold
May  8 08:58:14 kali kernel: [    0.227118] pci 0000:00:15.1: [15ad:07a0] type 01 class 0x060400
May  8 08:58:14 kali kernel: [    0.227842] pci 0000:00:15.1: PME# supported from D0 D3hot D3cold
May  8 08:58:14 kali kernel: [    0.228196] pci 0000:00:15.2: [15ad:07a0] type 01 class 0x060400
May  8 08:58:14 kali kernel: [    0.228962] pci 0000:00:15.2: PME# supported from D0 D3hot D3cold
May  8 08:58:14 kali kernel: [    0.229311] pci 0000:00:15.3: [15ad:07a0] type 01 class 0x060400
May  8 08:58:14 kali kernel: [    0.230001] pci 0000:00:15.3: PME# supported from D0 D3hot D3cold
May  8 08:58:14 kali kernel: [    0.230305] pci 0000:00:15.4: [15ad:07a0] type 01 class 0x060400
May  8 08:58:14 kali kernel: [    0.230996] pci 0000:00:15.4: PME# supported from D0 D3hot D3cold
May  8 08:58:14 kali kernel: [    0.231343] pci 0000:00:15.5: [15ad:07a0] type 01 class 0x060400
May  8 08:58:14 kali kernel: [    0.232003] pci 0000:00:15.5: PME# supported from D0 D3hot D3cold
May  8 08:58:14 kali kernel: [    0.232301] pci 0000:00:15.6: [15ad:07a0] type 01 class 0x060400
May  8 08:58:14 kali kernel: [    0.232989] pci 0000:00:15.6: PME# supported from D0 D3hot D3cold
May  8 08:58:14 kali kernel: [    0.233299] pci 0000:00:15.7: [15ad:07a0] type 01 class 0x060400
May  8 08:58:14 kali kernel: [    0.234015] pci 0000:00:15.7: PME# supported from D0 D3hot D3cold
May  8 08:58:14 kali kernel: [    0.234317] pci 0000:00:16.0: [15ad:07a0] type 01 class 0x060400
May  8 08:58:14 kali kernel: [    0.234993] pci 0000:00:16.0: PME# supported from D0 D3hot D3cold
May  8 08:58:14 kali kernel: [    0.235311] pci 0000:00:16.1: [15ad:07a0] type 01 class 0x060400
May  8 08:58:14 kali kernel: [    0.235968] pci 0000:00:16.1: PME# supported from D0 D3hot D3cold
May  8 08:58:14 kali kernel: [    0.236262] pci 0000:00:16.2: [15ad:07a0] type 01 class 0x060400
May  8 08:58:14 kali kernel: [    0.236949] pci 0000:00:16.2: PME# supported from D0 D3hot D3cold
May  8 08:58:14 kali kernel: [    0.237259] pci 0000:00:16.3: [15ad:07a0] type 01 class 0x060400
May  8 08:58:14 kali kernel: [    0.237947] pci 0000:00:16.3: PME# supported from D0 D3hot D3cold
May  8 08:58:14 kali kernel: [    0.238241] pci 0000:00:16.4: [15ad:07a0] type 01 class 0x060400
May  8 08:58:14 kali kernel: [    0.238924] pci 0000:00:16.4: PME# supported from D0 D3hot D3cold
May  8 08:58:14 kali kernel: [    0.239260] pci 0000:00:16.5: [15ad:07a0] type 01 class 0x060400
May  8 08:58:14 kali kernel: [    0.239952] pci 0000:00:16.5: PME# supported from D0 D3hot D3cold
May  8 08:58:14 kali kernel: [    0.240248] pci 0000:00:16.6: [15ad:07a0] type 01 class 0x060400
May  8 08:58:14 kali kernel: [    0.240953] pci 0000:00:16.6: PME# supported from D0 D3hot D3cold
May  8 08:58:14 kali kernel: [    0.241262] pci 0000:00:16.7: [15ad:07a0] type 01 class 0x060400
May  8 08:58:14 kali kernel: [    0.241935] pci 0000:00:16.7: PME# supported from D0 D3hot D3cold
May  8 08:58:14 kali kernel: [    0.242230] pci 0000:00:17.0: [15ad:07a0] type 01 class 0x060400
May  8 08:58:14 kali kernel: [    0.242914] pci 0000:00:17.0: PME# supported from D0 D3hot D3cold
May  8 08:58:14 kali kernel: [    0.243232] pci 0000:00:17.1: [15ad:07a0] type 01 class 0x060400
May  8 08:58:14 kali kernel: [    0.243943] pci 0000:00:17.1: PME# supported from D0 D3hot D3cold
May  8 08:58:14 kali kernel: [    0.244237] pci 0000:00:17.2: [15ad:07a0] type 01 class 0x060400
May  8 08:58:14 kali kernel: [    0.244935] pci 0000:00:17.2: PME# supported from D0 D3hot D3cold
May  8 08:58:14 kali kernel: [    0.245246] pci 0000:00:17.3: [15ad:07a0] type 01 class 0x060400
May  8 08:58:14 kali kernel: [    0.245929] pci 0000:00:17.3: PME# supported from D0 D3hot D3cold
May  8 08:58:14 kali kernel: [    0.246225] pci 0000:00:17.4: [15ad:07a0] type 01 class 0x060400
May  8 08:58:14 kali kernel: [    0.246894] pci 0000:00:17.4: PME# supported from D0 D3hot D3cold
May  8 08:58:14 kali kernel: [    0.247206] pci 0000:00:17.5: [15ad:07a0] type 01 class 0x060400
May  8 08:58:14 kali kernel: [    0.247913] pci 0000:00:17.5: PME# supported from D0 D3hot D3cold
May  8 08:58:14 kali kernel: [    0.248207] pci 0000:00:17.6: [15ad:07a0] type 01 class 0x060400
May  8 08:58:14 kali kernel: [    0.248896] pci 0000:00:17.6: PME# supported from D0 D3hot D3cold
May  8 08:58:14 kali kernel: [    0.249190] pci 0000:00:17.7: [15ad:07a0] type 01 class 0x060400
May  8 08:58:14 kali kernel: [    0.249865] pci 0000:00:17.7: PME# supported from D0 D3hot D3cold
May  8 08:58:14 kali kernel: [    0.250176] pci 0000:00:18.0: [15ad:07a0] type 01 class 0x060400
May  8 08:58:14 kali kernel: [    0.250853] pci 0000:00:18.0: PME# supported from D0 D3hot D3cold
May  8 08:58:14 kali kernel: [    0.251117] pci 0000:00:18.1: [15ad:07a0] type 01 class 0x060400
May  8 08:58:14 kali kernel: [    0.251812] pci 0000:00:18.1: PME# supported from D0 D3hot D3cold
May  8 08:58:14 kali kernel: [    0.252127] pci 0000:00:18.2: [15ad:07a0] type 01 class 0x060400
May  8 08:58:14 kali kernel: [    0.252809] pci 0000:00:18.2: PME# supported from D0 D3hot D3cold
May  8 08:58:14 kali kernel: [    0.253107] pci 0000:00:18.3: [15ad:07a0] type 01 class 0x060400
May  8 08:58:14 kali kernel: [    0.253788] pci 0000:00:18.3: PME# supported from D0 D3hot D3cold
May  8 08:58:14 kali kernel: [    0.254144] pci 0000:00:18.4: [15ad:07a0] type 01 class 0x060400
May  8 08:58:14 kali kernel: [    0.254871] pci 0000:00:18.4: PME# supported from D0 D3hot D3cold
May  8 08:58:14 kali kernel: [    0.255206] pci 0000:00:18.5: [15ad:07a0] type 01 class 0x060400
May  8 08:58:14 kali kernel: [    0.255903] pci 0000:00:18.5: PME# supported from D0 D3hot D3cold
May  8 08:58:14 kali kernel: [    0.256203] pci 0000:00:18.6: [15ad:07a0] type 01 class 0x060400
May  8 08:58:14 kali kernel: [    0.256884] pci 0000:00:18.6: PME# supported from D0 D3hot D3cold
May  8 08:58:14 kali kernel: [    0.257181] pci 0000:00:18.7: [15ad:07a0] type 01 class 0x060400
May  8 08:58:14 kali kernel: [    0.257838] pci 0000:00:18.7: PME# supported from D0 D3hot D3cold
May  8 08:58:14 kali kernel: [    0.258182] pci_bus 0000:01: extended config space not accessible
May  8 08:58:14 kali kernel: [    0.258212] pci 0000:00:01.0: PCI bridge to [bus 01]
May  8 08:58:14 kali kernel: [    0.258375] pci_bus 0000:02: extended config space not accessible
May  8 08:58:14 kali kernel: [    0.258504] acpiphp: Slot [32] registered
May  8 08:58:14 kali kernel: [    0.258518] acpiphp: Slot [33] registered
May  8 08:58:14 kali kernel: [    0.258532] acpiphp: Slot [34] registered
May  8 08:58:14 kali kernel: [    0.258545] acpiphp: Slot [35] registered
May  8 08:58:14 kali kernel: [    0.258560] acpiphp: Slot [36] registered
May  8 08:58:14 kali kernel: [    0.258572] acpiphp: Slot [37] registered
May  8 08:58:14 kali kernel: [    0.258585] acpiphp: Slot [38] registered
May  8 08:58:14 kali kernel: [    0.258599] acpiphp: Slot [39] registered
May  8 08:58:14 kali kernel: [    0.258612] acpiphp: Slot [40] registered
May  8 08:58:14 kali kernel: [    0.258624] acpiphp: Slot [41] registered
May  8 08:58:14 kali kernel: [    0.258638] acpiphp: Slot [42] registered
May  8 08:58:14 kali kernel: [    0.258650] acpiphp: Slot [43] registered
May  8 08:58:14 kali kernel: [    0.258663] acpiphp: Slot [44] registered
May  8 08:58:14 kali kernel: [    0.258685] acpiphp: Slot [45] registered
May  8 08:58:14 kali kernel: [    0.258698] acpiphp: Slot [46] registered
May  8 08:58:14 kali kernel: [    0.258710] acpiphp: Slot [47] registered
May  8 08:58:14 kali kernel: [    0.258723] acpiphp: Slot [48] registered
May  8 08:58:14 kali kernel: [    0.258737] acpiphp: Slot [49] registered
May  8 08:58:14 kali kernel: [    0.258750] acpiphp: Slot [50] registered
May  8 08:58:14 kali kernel: [    0.258762] acpiphp: Slot [51] registered
May  8 08:58:14 kali kernel: [    0.258774] acpiphp: Slot [52] registered
May  8 08:58:14 kali kernel: [    0.258787] acpiphp: Slot [53] registered
May  8 08:58:14 kali kernel: [    0.258799] acpiphp: Slot [54] registered
May  8 08:58:14 kali kernel: [    0.258814] acpiphp: Slot [55] registered
May  8 08:58:14 kali kernel: [    0.258826] acpiphp: Slot [56] registered
May  8 08:58:14 kali kernel: [    0.258839] acpiphp: Slot [57] registered
May  8 08:58:14 kali kernel: [    0.258851] acpiphp: Slot [58] registered
May  8 08:58:14 kali kernel: [    0.258863] acpiphp: Slot [59] registered
May  8 08:58:14 kali kernel: [    0.258876] acpiphp: Slot [60] registered
May  8 08:58:14 kali kernel: [    0.258888] acpiphp: Slot [61] registered
May  8 08:58:14 kali kernel: [    0.258903] acpiphp: Slot [62] registered
May  8 08:58:14 kali kernel: [    0.258915] acpiphp: Slot [63] registered
May  8 08:58:14 kali kernel: [    0.258953] pci 0000:02:00.0: [15ad:0774] type 00 class 0x0c0300
May  8 08:58:14 kali kernel: [    0.259883] pci 0000:02:00.0: reg 0x20: [io  0x2080-0x209f]
May  8 08:58:14 kali kernel: [    0.260476] pci 0000:02:01.0: [8086:100f] type 00 class 0x020000
May  8 08:58:14 kali kernel: [    0.261065] pci 0000:02:01.0: reg 0x10: [mem 0xfd5c0000-0xfd5dffff 64bit]
May  8 08:58:14 kali kernel: [    0.261605] pci 0000:02:01.0: reg 0x18: [mem 0xfdff0000-0xfdffffff 64bit]
May  8 08:58:14 kali kernel: [    0.262197] pci 0000:02:01.0: reg 0x20: [io  0x2000-0x203f]
May  8 08:58:14 kali kernel: [    0.263056] pci 0000:02:01.0: reg 0x30: [mem 0x00000000-0x0000ffff pref]
May  8 08:58:14 kali kernel: [    0.263304] pci 0000:02:01.0: PME# supported from D0 D3hot D3cold
May  8 08:58:14 kali kernel: [    0.263540] pci 0000:02:02.0: [1274:1371] type 00 class 0x040100
May  8 08:58:14 kali kernel: [    0.263792] pci 0000:02:02.0: reg 0x10: [io  0x2040-0x207f]
May  8 08:58:14 kali kernel: [    0.265231] pci 0000:02:03.0: [15ad:0770] type 00 class 0x0c0320
May  8 08:58:14 kali kernel: [    0.265510] pci 0000:02:03.0: reg 0x10: [mem 0xfd5ef000-0xfd5effff]
May  8 08:58:14 kali kernel: [    0.267570] pci 0000:00:11.0: PCI bridge to [bus 02] (subtractive decode)
May  8 08:58:14 kali kernel: [    0.267587] pci 0000:00:11.0:   bridge window [io  0x2000-0x3fff]
May  8 08:58:14 kali kernel: [    0.267602] pci 0000:00:11.0:   bridge window [mem 0xfd500000-0xfdffffff]
May  8 08:58:14 kali kernel: [    0.267631] pci 0000:00:11.0:   bridge window [mem 0xe7b00000-0xe7ffffff 64bit pref]
May  8 08:58:14 kali kernel: [    0.267633] pci 0000:00:11.0:   bridge window [mem 0x000a0000-0x000bffff window] (subtractive decode)
May  8 08:58:14 kali kernel: [    0.267634] pci 0000:00:11.0:   bridge window [mem 0x000cc000-0x000cffff window] (subtractive decode)
May  8 08:58:14 kali kernel: [    0.267634] pci 0000:00:11.0:   bridge window [mem 0x000d0000-0x000d3fff window] (subtractive decode)
May  8 08:58:14 kali kernel: [    0.267635] pci 0000:00:11.0:   bridge window [mem 0x000d4000-0x000d7fff window] (subtractive decode)
May  8 08:58:14 kali kernel: [    0.267635] pci 0000:00:11.0:   bridge window [mem 0x000d8000-0x000dbfff window] (subtractive decode)
May  8 08:58:14 kali kernel: [    0.267636] pci 0000:00:11.0:   bridge window [mem 0x80000000-0xfebfffff window] (subtractive decode)
May  8 08:58:14 kali kernel: [    0.267636] pci 0000:00:11.0:   bridge window [io  0x0000-0x0cf7 window] (subtractive decode)
May  8 08:58:14 kali kernel: [    0.267637] pci 0000:00:11.0:   bridge window [io  0x0d00-0xfeff window] (subtractive decode)
May  8 08:58:14 kali kernel: [    0.267884] pci 0000:00:15.0: PCI bridge to [bus 03]
May  8 08:58:14 kali kernel: [    0.267899] pci 0000:00:15.0:   bridge window [io  0x4000-0x4fff]
May  8 08:58:14 kali kernel: [    0.267914] pci 0000:00:15.0:   bridge window [mem 0xfd400000-0xfd4fffff]
May  8 08:58:14 kali kernel: [    0.267942] pci 0000:00:15.0:   bridge window [mem 0xe7a00000-0xe7afffff 64bit pref]
May  8 08:58:14 kali kernel: [    0.268204] pci 0000:00:15.1: PCI bridge to [bus 04]
May  8 08:58:14 kali kernel: [    0.268220] pci 0000:00:15.1:   bridge window [io  0x8000-0x8fff]
May  8 08:58:14 kali kernel: [    0.268235] pci 0000:00:15.1:   bridge window [mem 0xfd000000-0xfd0fffff]
May  8 08:58:14 kali kernel: [    0.268264] pci 0000:00:15.1:   bridge window [mem 0xe7600000-0xe76fffff 64bit pref]
May  8 08:58:14 kali kernel: [    0.268506] pci 0000:00:15.2: PCI bridge to [bus 05]
May  8 08:58:14 kali kernel: [    0.268521] pci 0000:00:15.2:   bridge window [io  0xc000-0xcfff]
May  8 08:58:14 kali kernel: [    0.268536] pci 0000:00:15.2:   bridge window [mem 0xfcc00000-0xfccfffff]
May  8 08:58:14 kali kernel: [    0.268564] pci 0000:00:15.2:   bridge window [mem 0xe7200000-0xe72fffff 64bit pref]
May  8 08:58:14 kali kernel: [    0.268799] pci 0000:00:15.3: PCI bridge to [bus 06]
May  8 08:58:14 kali kernel: [    0.268828] pci 0000:00:15.3:   bridge window [mem 0xfc800000-0xfc8fffff]
May  8 08:58:14 kali kernel: [    0.268856] pci 0000:00:15.3:   bridge window [mem 0xe6e00000-0xe6efffff 64bit pref]
May  8 08:58:14 kali kernel: [    0.269074] pci 0000:00:15.4: PCI bridge to [bus 07]
May  8 08:58:14 kali kernel: [    0.269102] pci 0000:00:15.4:   bridge window [mem 0xfc400000-0xfc4fffff]
May  8 08:58:14 kali kernel: [    0.269131] pci 0000:00:15.4:   bridge window [mem 0xe6a00000-0xe6afffff 64bit pref]
May  8 08:58:14 kali kernel: [    0.269345] pci 0000:00:15.5: PCI bridge to [bus 08]
May  8 08:58:14 kali kernel: [    0.269374] pci 0000:00:15.5:   bridge window [mem 0xfc000000-0xfc0fffff]
May  8 08:58:14 kali kernel: [    0.269402] pci 0000:00:15.5:   bridge window [mem 0xe6600000-0xe66fffff 64bit pref]
May  8 08:58:14 kali kernel: [    0.269625] pci 0000:00:15.6: PCI bridge to [bus 09]
May  8 08:58:14 kali kernel: [    0.269654] pci 0000:00:15.6:   bridge window [mem 0xfbc00000-0xfbcfffff]
May  8 08:58:14 kali kernel: [    0.269682] pci 0000:00:15.6:   bridge window [mem 0xe6200000-0xe62fffff 64bit pref]
May  8 08:58:14 kali kernel: [    0.269897] pci 0000:00:15.7: PCI bridge to [bus 0a]
May  8 08:58:14 kali kernel: [    0.269926] pci 0000:00:15.7:   bridge window [mem 0xfb800000-0xfb8fffff]
May  8 08:58:14 kali kernel: [    0.269954] pci 0000:00:15.7:   bridge window [mem 0xe5e00000-0xe5efffff 64bit pref]
May  8 08:58:14 kali kernel: [    0.270193] pci 0000:00:16.0: PCI bridge to [bus 0b]
May  8 08:58:14 kali kernel: [    0.270207] pci 0000:00:16.0:   bridge window [io  0x5000-0x5fff]
May  8 08:58:14 kali kernel: [    0.270222] pci 0000:00:16.0:   bridge window [mem 0xfd300000-0xfd3fffff]
May  8 08:58:14 kali kernel: [    0.270251] pci 0000:00:16.0:   bridge window [mem 0xe7900000-0xe79fffff 64bit pref]
May  8 08:58:14 kali kernel: [    0.270465] pci 0000:00:16.1: PCI bridge to [bus 0c]
May  8 08:58:14 kali kernel: [    0.270480] pci 0000:00:16.1:   bridge window [io  0x9000-0x9fff]
May  8 08:58:14 kali kernel: [    0.270495] pci 0000:00:16.1:   bridge window [mem 0xfcf00000-0xfcffffff]
May  8 08:58:14 kali kernel: [    0.270523] pci 0000:00:16.1:   bridge window [mem 0xe7500000-0xe75fffff 64bit pref]
May  8 08:58:14 kali kernel: [    0.270737] pci 0000:00:16.2: PCI bridge to [bus 0d]
May  8 08:58:14 kali kernel: [    0.270751] pci 0000:00:16.2:   bridge window [io  0xd000-0xdfff]
May  8 08:58:14 kali kernel: [    0.270766] pci 0000:00:16.2:   bridge window [mem 0xfcb00000-0xfcbfffff]
May  8 08:58:14 kali kernel: [    0.270794] pci 0000:00:16.2:   bridge window [mem 0xe7100000-0xe71fffff 64bit pref]
May  8 08:58:14 kali kernel: [    0.271026] pci 0000:00:16.3: PCI bridge to [bus 0e]
May  8 08:58:14 kali kernel: [    0.271076] pci 0000:00:16.3:   bridge window [mem 0xfc700000-0xfc7fffff]
May  8 08:58:14 kali kernel: [    0.271104] pci 0000:00:16.3:   bridge window [mem 0xe6d00000-0xe6dfffff 64bit pref]
May  8 08:58:14 kali kernel: [    0.271331] pci 0000:00:16.4: PCI bridge to [bus 0f]
May  8 08:58:14 kali kernel: [    0.271359] pci 0000:00:16.4:   bridge window [mem 0xfc300000-0xfc3fffff]
May  8 08:58:14 kali kernel: [    0.271388] pci 0000:00:16.4:   bridge window [mem 0xe6900000-0xe69fffff 64bit pref]
May  8 08:58:14 kali kernel: [    0.271622] pci 0000:00:16.5: PCI bridge to [bus 10]
May  8 08:58:14 kali kernel: [    0.271651] pci 0000:00:16.5:   bridge window [mem 0xfbf00000-0xfbffffff]
May  8 08:58:14 kali kernel: [    0.271679] pci 0000:00:16.5:   bridge window [mem 0xe6500000-0xe65fffff 64bit pref]
May  8 08:58:14 kali kernel: [    0.271900] pci 0000:00:16.6: PCI bridge to [bus 11]
May  8 08:58:14 kali kernel: [    0.271928] pci 0000:00:16.6:   bridge window [mem 0xfbb00000-0xfbbfffff]
May  8 08:58:14 kali kernel: [    0.271957] pci 0000:00:16.6:   bridge window [mem 0xe6100000-0xe61fffff 64bit pref]
May  8 08:58:14 kali kernel: [    0.272180] pci 0000:00:16.7: PCI bridge to [bus 12]
May  8 08:58:14 kali kernel: [    0.272209] pci 0000:00:16.7:   bridge window [mem 0xfb700000-0xfb7fffff]
May  8 08:58:14 kali kernel: [    0.272237] pci 0000:00:16.7:   bridge window [mem 0xe5d00000-0xe5dfffff 64bit pref]
May  8 08:58:14 kali kernel: [    0.272454] pci 0000:00:17.0: PCI bridge to [bus 13]
May  8 08:58:14 kali kernel: [    0.272468] pci 0000:00:17.0:   bridge window [io  0x6000-0x6fff]
May  8 08:58:14 kali kernel: [    0.272483] pci 0000:00:17.0:   bridge window [mem 0xfd200000-0xfd2fffff]
May  8 08:58:14 kali kernel: [    0.272511] pci 0000:00:17.0:   bridge window [mem 0xe7800000-0xe78fffff 64bit pref]
May  8 08:58:14 kali kernel: [    0.272727] pci 0000:00:17.1: PCI bridge to [bus 14]
May  8 08:58:14 kali kernel: [    0.272742] pci 0000:00:17.1:   bridge window [io  0xa000-0xafff]
May  8 08:58:14 kali kernel: [    0.272757] pci 0000:00:17.1:   bridge window [mem 0xfce00000-0xfcefffff]
May  8 08:58:14 kali kernel: [    0.272785] pci 0000:00:17.1:   bridge window [mem 0xe7400000-0xe74fffff 64bit pref]
May  8 08:58:14 kali kernel: [    0.273019] pci 0000:00:17.2: PCI bridge to [bus 15]
May  8 08:58:14 kali kernel: [    0.273034] pci 0000:00:17.2:   bridge window [io  0xe000-0xefff]
May  8 08:58:14 kali kernel: [    0.273049] pci 0000:00:17.2:   bridge window [mem 0xfca00000-0xfcafffff]
May  8 08:58:14 kali kernel: [    0.273077] pci 0000:00:17.2:   bridge window [mem 0xe7000000-0xe70fffff 64bit pref]
May  8 08:58:14 kali kernel: [    0.273293] pci 0000:00:17.3: PCI bridge to [bus 16]
May  8 08:58:14 kali kernel: [    0.273321] pci 0000:00:17.3:   bridge window [mem 0xfc600000-0xfc6fffff]
May  8 08:58:14 kali kernel: [    0.273350] pci 0000:00:17.3:   bridge window [mem 0xe6c00000-0xe6cfffff 64bit pref]
May  8 08:58:14 kali kernel: [    0.273579] pci 0000:00:17.4: PCI bridge to [bus 17]
May  8 08:58:14 kali kernel: [    0.273608] pci 0000:00:17.4:   bridge window [mem 0xfc200000-0xfc2fffff]
May  8 08:58:14 kali kernel: [    0.273636] pci 0000:00:17.4:   bridge window [mem 0xe6800000-0xe68fffff 64bit pref]
May  8 08:58:14 kali kernel: [    0.273852] pci 0000:00:17.5: PCI bridge to [bus 18]
May  8 08:58:14 kali kernel: [    0.273880] pci 0000:00:17.5:   bridge window [mem 0xfbe00000-0xfbefffff]
May  8 08:58:14 kali kernel: [    0.273908] pci 0000:00:17.5:   bridge window [mem 0xe6400000-0xe64fffff 64bit pref]
May  8 08:58:14 kali kernel: [    0.274121] pci 0000:00:17.6: PCI bridge to [bus 19]
May  8 08:58:14 kali kernel: [    0.274150] pci 0000:00:17.6:   bridge window [mem 0xfba00000-0xfbafffff]
May  8 08:58:14 kali kernel: [    0.274178] pci 0000:00:17.6:   bridge window [mem 0xe6000000-0xe60fffff 64bit pref]
May  8 08:58:14 kali kernel: [    0.274441] pci 0000:00:17.7: PCI bridge to [bus 1a]
May  8 08:58:14 kali kernel: [    0.274469] pci 0000:00:17.7:   bridge window [mem 0xfb600000-0xfb6fffff]
May  8 08:58:14 kali kernel: [    0.274498] pci 0000:00:17.7:   bridge window [mem 0xe5c00000-0xe5cfffff 64bit pref]
May  8 08:58:14 kali kernel: [    0.274713] pci 0000:00:18.0: PCI bridge to [bus 1b]
May  8 08:58:14 kali kernel: [    0.274728] pci 0000:00:18.0:   bridge window [io  0x7000-0x7fff]
May  8 08:58:14 kali kernel: [    0.274742] pci 0000:00:18.0:   bridge window [mem 0xfd100000-0xfd1fffff]
May  8 08:58:14 kali kernel: [    0.274771] pci 0000:00:18.0:   bridge window [mem 0xe7700000-0xe77fffff 64bit pref]
May  8 08:58:14 kali kernel: [    0.274989] pci 0000:00:18.1: PCI bridge to [bus 1c]
May  8 08:58:14 kali kernel: [    0.275004] pci 0000:00:18.1:   bridge window [io  0xb000-0xbfff]
May  8 08:58:14 kali kernel: [    0.275019] pci 0000:00:18.1:   bridge window [mem 0xfcd00000-0xfcdfffff]
May  8 08:58:14 kali kernel: [    0.275054] pci 0000:00:18.1:   bridge window [mem 0xe7300000-0xe73fffff 64bit pref]
May  8 08:58:14 kali kernel: [    0.275274] pci 0000:00:18.2: PCI bridge to [bus 1d]
May  8 08:58:14 kali kernel: [    0.275303] pci 0000:00:18.2:   bridge window [mem 0xfc900000-0xfc9fffff]
May  8 08:58:14 kali kernel: [    0.275331] pci 0000:00:18.2:   bridge window [mem 0xe6f00000-0xe6ffffff 64bit pref]
May  8 08:58:14 kali kernel: [    0.275567] pci 0000:00:18.3: PCI bridge to [bus 1e]
May  8 08:58:14 kali kernel: [    0.275597] pci 0000:00:18.3:   bridge window [mem 0xfc500000-0xfc5fffff]
May  8 08:58:14 kali kernel: [    0.275625] pci 0000:00:18.3:   bridge window [mem 0xe6b00000-0xe6bfffff 64bit pref]
May  8 08:58:14 kali kernel: [    0.275841] pci 0000:00:18.4: PCI bridge to [bus 1f]
May  8 08:58:14 kali kernel: [    0.275870] pci 0000:00:18.4:   bridge window [mem 0xfc100000-0xfc1fffff]
May  8 08:58:14 kali kernel: [    0.275898] pci 0000:00:18.4:   bridge window [mem 0xe6700000-0xe67fffff 64bit pref]
May  8 08:58:14 kali kernel: [    0.276118] pci 0000:00:18.5: PCI bridge to [bus 20]
May  8 08:58:14 kali kernel: [    0.276146] pci 0000:00:18.5:   bridge window [mem 0xfbd00000-0xfbdfffff]
May  8 08:58:14 kali kernel: [    0.276175] pci 0000:00:18.5:   bridge window [mem 0xe6300000-0xe63fffff 64bit pref]
May  8 08:58:14 kali kernel: [    0.276404] pci 0000:00:18.6: PCI bridge to [bus 21]
May  8 08:58:14 kali kernel: [    0.276433] pci 0000:00:18.6:   bridge window [mem 0xfb900000-0xfb9fffff]
May  8 08:58:14 kali kernel: [    0.276462] pci 0000:00:18.6:   bridge window [mem 0xe5f00000-0xe5ffffff 64bit pref]
May  8 08:58:14 kali kernel: [    0.276680] pci 0000:00:18.7: PCI bridge to [bus 22]
May  8 08:58:14 kali kernel: [    0.276709] pci 0000:00:18.7:   bridge window [mem 0xfb500000-0xfb5fffff]
May  8 08:58:14 kali kernel: [    0.276737] pci 0000:00:18.7:   bridge window [mem 0xe5b00000-0xe5bfffff 64bit pref]
May  8 08:58:14 kali kernel: [    0.278606] ACPI: PCI Interrupt Link [LNKA] (IRQs 3 4 5 6 7 *9 10 11 14 15)
May  8 08:58:14 kali kernel: [    0.278660] ACPI: PCI Interrupt Link [LNKB] (IRQs 3 4 5 6 7 9 10 *11 14 15)
May  8 08:58:14 kali kernel: [    0.278729] ACPI: PCI Interrupt Link [LNKC] (IRQs 3 4 5 6 7 9 *10 11 14 15)
May  8 08:58:14 kali kernel: [    0.278779] ACPI: PCI Interrupt Link [LNKD] (IRQs 3 4 *5 6 7 9 10 11 14 15)
May  8 08:58:14 kali kernel: [    0.283737] iommu: Default domain type: Translated 
May  8 08:58:14 kali kernel: [    0.287075] pci 0000:00:0f.0: vgaarb: setting as boot VGA device
May  8 08:58:14 kali kernel: [    0.287075] pci 0000:00:0f.0: vgaarb: VGA device added: decodes=io+mem,owns=io+mem,locks=none
May  8 08:58:14 kali kernel: [    0.287075] pci 0000:00:0f.0: vgaarb: bridge control possible
May  8 08:58:14 kali kernel: [    0.287076] vgaarb: loaded
May  8 08:58:14 kali kernel: [    0.287141] EDAC MC: Ver: 3.0.0
May  8 08:58:14 kali kernel: [    0.288102] PCI: Using ACPI for IRQ routing
May  8 08:58:14 kali kernel: [    0.288816] PCI: pci_cache_line_size set to 64 bytes
May  8 08:58:14 kali kernel: [    0.288816] e820: reserve RAM buffer [mem 0x0009f400-0x0009ffff]
May  8 08:58:14 kali kernel: [    0.288816] e820: reserve RAM buffer [mem 0x7fee0000-0x7fffffff]
May  8 08:58:14 kali kernel: [    0.288816] hpet0: at MMIO 0xfed00000, IRQs 2, 8, 0, 0, 0, 0, 0, 0, 0, 0, 0, 0, 0, 0, 0, 0
May  8 08:58:14 kali kernel: [    0.288816] hpet0: 16 comparators, 64-bit 14.318180 MHz counter
May  8 08:58:14 kali kernel: [    0.291054] clocksource: Switched to clocksource tsc-early
May  8 08:58:14 kali kernel: [    0.299343] VFS: Disk quotas dquot_6.6.0
May  8 08:58:14 kali kernel: [    0.299357] VFS: Dquot-cache hash table entries: 512 (order 0, 4096 bytes)
May  8 08:58:14 kali kernel: [    0.299472] AppArmor: AppArmor Filesystem Enabled
May  8 08:58:14 kali kernel: [    0.299484] pnp: PnP ACPI init
May  8 08:58:14 kali kernel: [    0.299628] system 00:00: [io  0x1000-0x103f] has been reserved
May  8 08:58:14 kali kernel: [    0.299629] system 00:00: [io  0x1040-0x104f] has been reserved
May  8 08:58:14 kali kernel: [    0.299630] system 00:00: [io  0x0cf0-0x0cf1] has been reserved
May  8 08:58:14 kali kernel: [    0.299634] system 00:00: Plug and Play ACPI device, IDs PNP0c02 (active)
May  8 08:58:14 kali kernel: [    0.299648] pnp 00:01: Plug and Play ACPI device, IDs PNP0b00 (active)
May  8 08:58:14 kali kernel: [    0.299657] pnp 00:02: Plug and Play ACPI device, IDs PNP0303 (active)
May  8 08:58:14 kali kernel: [    0.299667] pnp 00:03: Plug and Play ACPI device, IDs PNP0f13 VMW0003 (active)
May  8 08:58:14 kali kernel: [    0.299799] system 00:04: [mem 0xfed00000-0xfed003ff] has been reserved
May  8 08:58:14 kali kernel: [    0.299801] system 00:04: Plug and Play ACPI device, IDs PNP0103 PNP0c01 (active)
May  8 08:58:14 kali kernel: [    0.300904] pnp 00:05: Plug and Play ACPI device, IDs PNP0400 (active)
May  8 08:58:14 kali kernel: [    0.301034] pnp 00:06: Plug and Play ACPI device, IDs PNP0501 (active)
May  8 08:58:14 kali kernel: [    0.301158] pnp 00:07: Plug and Play ACPI device, IDs PNP0501 (active)
May  8 08:58:14 kali kernel: [    0.301269] pnp 00:08: [dma 2]
May  8 08:58:14 kali kernel: [    0.301311] pnp 00:08: Plug and Play ACPI device, IDs PNP0700 (active)
May  8 08:58:14 kali kernel: [    0.301433] system 00:09: [io  0xfce0-0xfcff] has been reserved
May  8 08:58:14 kali kernel: [    0.301434] system 00:09: [mem 0xf0000000-0xf7ffffff] has been reserved
May  8 08:58:14 kali kernel: [    0.301435] system 00:09: [mem 0xfe800000-0xfe9fffff] has been reserved
May  8 08:58:14 kali kernel: [    0.301437] system 00:09: Plug and Play ACPI device, IDs PNP0c02 (active)
May  8 08:58:14 kali kernel: [    0.304257] pnp: PnP ACPI: found 10 devices
May  8 08:58:14 kali kernel: [    0.312312] clocksource: acpi_pm: mask: 0xffffff max_cycles: 0xffffff, max_idle_ns: 2085701024 ns
May  8 08:58:14 kali kernel: [    0.312346] pci 0000:00:15.3: bridge window [io  0x1000-0x0fff] to [bus 06] add_size 1000
May  8 08:58:14 kali kernel: [    0.312347] pci 0000:00:15.4: bridge window [io  0x1000-0x0fff] to [bus 07] add_size 1000
May  8 08:58:14 kali kernel: [    0.312348] pci 0000:00:15.5: bridge window [io  0x1000-0x0fff] to [bus 08] add_size 1000
May  8 08:58:14 kali kernel: [    0.312349] pci 0000:00:15.6: bridge window [io  0x1000-0x0fff] to [bus 09] add_size 1000
May  8 08:58:14 kali kernel: [    0.312350] pci 0000:00:15.7: bridge window [io  0x1000-0x0fff] to [bus 0a] add_size 1000
May  8 08:58:14 kali kernel: [    0.312352] pci 0000:00:16.3: bridge window [io  0x1000-0x0fff] to [bus 0e] add_size 1000
May  8 08:58:14 kali kernel: [    0.312352] pci 0000:00:16.4: bridge window [io  0x1000-0x0fff] to [bus 0f] add_size 1000
May  8 08:58:14 kali kernel: [    0.312353] pci 0000:00:16.5: bridge window [io  0x1000-0x0fff] to [bus 10] add_size 1000
May  8 08:58:14 kali kernel: [    0.312354] pci 0000:00:16.6: bridge window [io  0x1000-0x0fff] to [bus 11] add_size 1000
May  8 08:58:14 kali kernel: [    0.312355] pci 0000:00:16.7: bridge window [io  0x1000-0x0fff] to [bus 12] add_size 1000
May  8 08:58:14 kali kernel: [    0.312357] pci 0000:00:17.3: bridge window [io  0x1000-0x0fff] to [bus 16] add_size 1000
May  8 08:58:14 kali kernel: [    0.312358] pci 0000:00:17.4: bridge window [io  0x1000-0x0fff] to [bus 17] add_size 1000
May  8 08:58:14 kali kernel: [    0.312358] pci 0000:00:17.5: bridge window [io  0x1000-0x0fff] to [bus 18] add_size 1000
May  8 08:58:14 kali kernel: [    0.312359] pci 0000:00:17.6: bridge window [io  0x1000-0x0fff] to [bus 19] add_size 1000
May  8 08:58:14 kali kernel: [    0.312360] pci 0000:00:17.7: bridge window [io  0x1000-0x0fff] to [bus 1a] add_size 1000
May  8 08:58:14 kali kernel: [    0.312361] pci 0000:00:18.2: bridge window [io  0x1000-0x0fff] to [bus 1d] add_size 1000
May  8 08:58:14 kali kernel: [    0.312362] pci 0000:00:18.3: bridge window [io  0x1000-0x0fff] to [bus 1e] add_size 1000
May  8 08:58:14 kali kernel: [    0.312363] pci 0000:00:18.4: bridge window [io  0x1000-0x0fff] to [bus 1f] add_size 1000
May  8 08:58:14 kali kernel: [    0.312364] pci 0000:00:18.5: bridge window [io  0x1000-0x0fff] to [bus 20] add_size 1000
May  8 08:58:14 kali kernel: [    0.312365] pci 0000:00:18.6: bridge window [io  0x1000-0x0fff] to [bus 21] add_size 1000
May  8 08:58:14 kali kernel: [    0.312368] pci 0000:00:18.7: bridge window [io  0x1000-0x0fff] to [bus 22] add_size 1000
May  8 08:58:14 kali kernel: [    0.312381] pci 0000:00:0f.0: BAR 6: assigned [mem 0x80000000-0x80007fff pref]
May  8 08:58:14 kali kernel: [    0.312382] pci 0000:00:10.0: BAR 6: assigned [mem 0x80008000-0x8000bfff pref]
May  8 08:58:14 kali kernel: [    0.312384] pci 0000:00:15.3: BAR 13: no space for [io  size 0x1000]
May  8 08:58:14 kali kernel: [    0.312385] pci 0000:00:15.3: BAR 13: failed to assign [io  size 0x1000]
May  8 08:58:14 kali kernel: [    0.312386] pci 0000:00:15.4: BAR 13: no space for [io  size 0x1000]
May  8 08:58:14 kali kernel: [    0.312387] pci 0000:00:15.4: BAR 13: failed to assign [io  size 0x1000]
May  8 08:58:14 kali kernel: [    0.312388] pci 0000:00:15.5: BAR 13: no space for [io  size 0x1000]
May  8 08:58:14 kali kernel: [    0.312388] pci 0000:00:15.5: BAR 13: failed to assign [io  size 0x1000]
May  8 08:58:14 kali kernel: [    0.312389] pci 0000:00:15.6: BAR 13: no space for [io  size 0x1000]
May  8 08:58:14 kali kernel: [    0.312390] pci 0000:00:15.6: BAR 13: failed to assign [io  size 0x1000]
May  8 08:58:14 kali kernel: [    0.312391] pci 0000:00:15.7: BAR 13: no space for [io  size 0x1000]
May  8 08:58:14 kali kernel: [    0.312391] pci 0000:00:15.7: BAR 13: failed to assign [io  size 0x1000]
May  8 08:58:14 kali kernel: [    0.312392] pci 0000:00:16.3: BAR 13: no space for [io  size 0x1000]
May  8 08:58:14 kali kernel: [    0.312392] pci 0000:00:16.3: BAR 13: failed to assign [io  size 0x1000]
May  8 08:58:14 kali kernel: [    0.312393] pci 0000:00:16.4: BAR 13: no space for [io  size 0x1000]
May  8 08:58:14 kali kernel: [    0.312394] pci 0000:00:16.4: BAR 13: failed to assign [io  size 0x1000]
May  8 08:58:14 kali kernel: [    0.312395] pci 0000:00:16.5: BAR 13: no space for [io  size 0x1000]
May  8 08:58:14 kali kernel: [    0.312395] pci 0000:00:16.5: BAR 13: failed to assign [io  size 0x1000]
May  8 08:58:14 kali kernel: [    0.312396] pci 0000:00:16.6: BAR 13: no space for [io  size 0x1000]
May  8 08:58:14 kali kernel: [    0.312397] pci 0000:00:16.6: BAR 13: failed to assign [io  size 0x1000]
May  8 08:58:14 kali kernel: [    0.312398] pci 0000:00:16.7: BAR 13: no space for [io  size 0x1000]
May  8 08:58:14 kali kernel: [    0.312398] pci 0000:00:16.7: BAR 13: failed to assign [io  size 0x1000]
May  8 08:58:14 kali kernel: [    0.312399] pci 0000:00:17.3: BAR 13: no space for [io  size 0x1000]
May  8 08:58:14 kali kernel: [    0.312399] pci 0000:00:17.3: BAR 13: failed to assign [io  size 0x1000]
May  8 08:58:14 kali kernel: [    0.312400] pci 0000:00:17.4: BAR 13: no space for [io  size 0x1000]
May  8 08:58:14 kali kernel: [    0.312401] pci 0000:00:17.4: BAR 13: failed to assign [io  size 0x1000]
May  8 08:58:14 kali kernel: [    0.312402] pci 0000:00:17.5: BAR 13: no space for [io  size 0x1000]
May  8 08:58:14 kali kernel: [    0.312402] pci 0000:00:17.5: BAR 13: failed to assign [io  size 0x1000]
May  8 08:58:14 kali kernel: [    0.312403] pci 0000:00:17.6: BAR 13: no space for [io  size 0x1000]
May  8 08:58:14 kali kernel: [    0.312404] pci 0000:00:17.6: BAR 13: failed to assign [io  size 0x1000]
May  8 08:58:14 kali kernel: [    0.312404] pci 0000:00:17.7: BAR 13: no space for [io  size 0x1000]
May  8 08:58:14 kali kernel: [    0.312405] pci 0000:00:17.7: BAR 13: failed to assign [io  size 0x1000]
May  8 08:58:14 kali kernel: [    0.312406] pci 0000:00:18.2: BAR 13: no space for [io  size 0x1000]
May  8 08:58:14 kali kernel: [    0.312406] pci 0000:00:18.2: BAR 13: failed to assign [io  size 0x1000]
May  8 08:58:14 kali kernel: [    0.312407] pci 0000:00:18.3: BAR 13: no space for [io  size 0x1000]
May  8 08:58:14 kali kernel: [    0.312408] pci 0000:00:18.3: BAR 13: failed to assign [io  size 0x1000]
May  8 08:58:14 kali kernel: [    0.312409] pci 0000:00:18.4: BAR 13: no space for [io  size 0x1000]
May  8 08:58:14 kali kernel: [    0.312409] pci 0000:00:18.4: BAR 13: failed to assign [io  size 0x1000]
May  8 08:58:14 kali kernel: [    0.312410] pci 0000:00:18.5: BAR 13: no space for [io  size 0x1000]
May  8 08:58:14 kali kernel: [    0.312411] pci 0000:00:18.5: BAR 13: failed to assign [io  size 0x1000]
May  8 08:58:14 kali kernel: [    0.312411] pci 0000:00:18.6: BAR 13: no space for [io  size 0x1000]
May  8 08:58:14 kali kernel: [    0.312412] pci 0000:00:18.6: BAR 13: failed to assign [io  size 0x1000]
May  8 08:58:14 kali kernel: [    0.312413] pci 0000:00:18.7: BAR 13: no space for [io  size 0x1000]
May  8 08:58:14 kali kernel: [    0.312413] pci 0000:00:18.7: BAR 13: failed to assign [io  size 0x1000]
May  8 08:58:14 kali kernel: [    0.312416] pci 0000:00:18.7: BAR 13: no space for [io  size 0x1000]
May  8 08:58:14 kali kernel: [    0.312416] pci 0000:00:18.7: BAR 13: failed to assign [io  size 0x1000]
May  8 08:58:14 kali kernel: [    0.312417] pci 0000:00:18.6: BAR 13: no space for [io  size 0x1000]
May  8 08:58:14 kali kernel: [    0.312418] pci 0000:00:18.6: BAR 13: failed to assign [io  size 0x1000]
May  8 08:58:14 kali kernel: [    0.312419] pci 0000:00:18.5: BAR 13: no space for [io  size 0x1000]
May  8 08:58:14 kali kernel: [    0.312419] pci 0000:00:18.5: BAR 13: failed to assign [io  size 0x1000]
May  8 08:58:14 kali kernel: [    0.312420] pci 0000:00:18.4: BAR 13: no space for [io  size 0x1000]
May  8 08:58:14 kali kernel: [    0.312421] pci 0000:00:18.4: BAR 13: failed to assign [io  size 0x1000]
May  8 08:58:14 kali kernel: [    0.312421] pci 0000:00:18.3: BAR 13: no space for [io  size 0x1000]
May  8 08:58:14 kali kernel: [    0.312422] pci 0000:00:18.3: BAR 13: failed to assign [io  size 0x1000]
May  8 08:58:14 kali kernel: [    0.312423] pci 0000:00:18.2: BAR 13: no space for [io  size 0x1000]
May  8 08:58:14 kali kernel: [    0.312423] pci 0000:00:18.2: BAR 13: failed to assign [io  size 0x1000]
May  8 08:58:14 kali kernel: [    0.312424] pci 0000:00:17.7: BAR 13: no space for [io  size 0x1000]
May  8 08:58:14 kali kernel: [    0.312425] pci 0000:00:17.7: BAR 13: failed to assign [io  size 0x1000]
May  8 08:58:14 kali kernel: [    0.312426] pci 0000:00:17.6: BAR 13: no space for [io  size 0x1000]
May  8 08:58:14 kali kernel: [    0.312426] pci 0000:00:17.6: BAR 13: failed to assign [io  size 0x1000]
May  8 08:58:14 kali kernel: [    0.312427] pci 0000:00:17.5: BAR 13: no space for [io  size 0x1000]
May  8 08:58:14 kali kernel: [    0.312427] pci 0000:00:17.5: BAR 13: failed to assign [io  size 0x1000]
May  8 08:58:14 kali kernel: [    0.312428] pci 0000:00:17.4: BAR 13: no space for [io  size 0x1000]
May  8 08:58:14 kali kernel: [    0.312429] pci 0000:00:17.4: BAR 13: failed to assign [io  size 0x1000]
May  8 08:58:14 kali kernel: [    0.312430] pci 0000:00:17.3: BAR 13: no space for [io  size 0x1000]
May  8 08:58:14 kali kernel: [    0.312430] pci 0000:00:17.3: BAR 13: failed to assign [io  size 0x1000]
May  8 08:58:14 kali kernel: [    0.312431] pci 0000:00:16.7: BAR 13: no space for [io  size 0x1000]
May  8 08:58:14 kali kernel: [    0.312432] pci 0000:00:16.7: BAR 13: failed to assign [io  size 0x1000]
May  8 08:58:14 kali kernel: [    0.312432] pci 0000:00:16.6: BAR 13: no space for [io  size 0x1000]
May  8 08:58:14 kali kernel: [    0.312433] pci 0000:00:16.6: BAR 13: failed to assign [io  size 0x1000]
May  8 08:58:14 kali kernel: [    0.312434] pci 0000:00:16.5: BAR 13: no space for [io  size 0x1000]
May  8 08:58:14 kali kernel: [    0.312434] pci 0000:00:16.5: BAR 13: failed to assign [io  size 0x1000]
May  8 08:58:14 kali kernel: [    0.312435] pci 0000:00:16.4: BAR 13: no space for [io  size 0x1000]
May  8 08:58:14 kali kernel: [    0.312436] pci 0000:00:16.4: BAR 13: failed to assign [io  size 0x1000]
May  8 08:58:14 kali kernel: [    0.312437] pci 0000:00:16.3: BAR 13: no space for [io  size 0x1000]
May  8 08:58:14 kali kernel: [    0.312437] pci 0000:00:16.3: BAR 13: failed to assign [io  size 0x1000]
May  8 08:58:14 kali kernel: [    0.312438] pci 0000:00:15.7: BAR 13: no space for [io  size 0x1000]
May  8 08:58:14 kali kernel: [    0.312439] pci 0000:00:15.7: BAR 13: failed to assign [io  size 0x1000]
May  8 08:58:14 kali kernel: [    0.312439] pci 0000:00:15.6: BAR 13: no space for [io  size 0x1000]
May  8 08:58:14 kali kernel: [    0.312440] pci 0000:00:15.6: BAR 13: failed to assign [io  size 0x1000]
May  8 08:58:14 kali kernel: [    0.312441] pci 0000:00:15.5: BAR 13: no space for [io  size 0x1000]
May  8 08:58:14 kali kernel: [    0.312441] pci 0000:00:15.5: BAR 13: failed to assign [io  size 0x1000]
May  8 08:58:14 kali kernel: [    0.312442] pci 0000:00:15.4: BAR 13: no space for [io  size 0x1000]
May  8 08:58:14 kali kernel: [    0.312443] pci 0000:00:15.4: BAR 13: failed to assign [io  size 0x1000]
May  8 08:58:14 kali kernel: [    0.312444] pci 0000:00:15.3: BAR 13: no space for [io  size 0x1000]
May  8 08:58:14 kali kernel: [    0.312444] pci 0000:00:15.3: BAR 13: failed to assign [io  size 0x1000]
May  8 08:58:14 kali kernel: [    0.312445] pci 0000:00:01.0: PCI bridge to [bus 01]
May  8 08:58:14 kali kernel: [    0.312515] pci 0000:02:01.0: BAR 6: assigned [mem 0xfd500000-0xfd50ffff pref]
May  8 08:58:14 kali kernel: [    0.312516] pci 0000:00:11.0: PCI bridge to [bus 02]
May  8 08:58:14 kali kernel: [    0.312525] pci 0000:00:11.0:   bridge window [io  0x2000-0x3fff]
May  8 08:58:14 kali kernel: [    0.312547] pci 0000:00:11.0:   bridge window [mem 0xfd500000-0xfdffffff]
May  8 08:58:14 kali kernel: [    0.312562] pci 0000:00:11.0:   bridge window [mem 0xe7b00000-0xe7ffffff 64bit pref]
May  8 08:58:14 kali kernel: [    0.312590] pci 0000:00:15.0: PCI bridge to [bus 03]
May  8 08:58:14 kali kernel: [    0.312598] pci 0000:00:15.0:   bridge window [io  0x4000-0x4fff]
May  8 08:58:14 kali kernel: [    0.312620] pci 0000:00:15.0:   bridge window [mem 0xfd400000-0xfd4fffff]
May  8 08:58:14 kali kernel: [    0.312635] pci 0000:00:15.0:   bridge window [mem 0xe7a00000-0xe7afffff 64bit pref]
May  8 08:58:14 kali kernel: [    0.312685] pci 0000:00:15.1: PCI bridge to [bus 04]
May  8 08:58:14 kali kernel: [    0.312694] pci 0000:00:15.1:   bridge window [io  0x8000-0x8fff]
May  8 08:58:14 kali kernel: [    0.312716] pci 0000:00:15.1:   bridge window [mem 0xfd000000-0xfd0fffff]
May  8 08:58:14 kali kernel: [    0.312730] pci 0000:00:15.1:   bridge window [mem 0xe7600000-0xe76fffff 64bit pref]
May  8 08:58:14 kali kernel: [    0.312774] pci 0000:00:15.2: PCI bridge to [bus 05]
May  8 08:58:14 kali kernel: [    0.312782] pci 0000:00:15.2:   bridge window [io  0xc000-0xcfff]
May  8 08:58:14 kali kernel: [    0.312803] pci 0000:00:15.2:   bridge window [mem 0xfcc00000-0xfccfffff]
May  8 08:58:14 kali kernel: [    0.312818] pci 0000:00:15.2:   bridge window [mem 0xe7200000-0xe72fffff 64bit pref]
May  8 08:58:14 kali kernel: [    0.312854] pci 0000:00:15.3: PCI bridge to [bus 06]
May  8 08:58:14 kali kernel: [    0.312878] pci 0000:00:15.3:   bridge window [mem 0xfc800000-0xfc8fffff]
May  8 08:58:14 kali kernel: [    0.312892] pci 0000:00:15.3:   bridge window [mem 0xe6e00000-0xe6efffff 64bit pref]
May  8 08:58:14 kali kernel: [    0.312927] pci 0000:00:15.4: PCI bridge to [bus 07]
May  8 08:58:14 kali kernel: [    0.312948] pci 0000:00:15.4:   bridge window [mem 0xfc400000-0xfc4fffff]
May  8 08:58:14 kali kernel: [    0.312962] pci 0000:00:15.4:   bridge window [mem 0xe6a00000-0xe6afffff 64bit pref]
May  8 08:58:14 kali kernel: [    0.312996] pci 0000:00:15.5: PCI bridge to [bus 08]
May  8 08:58:14 kali kernel: [    0.313017] pci 0000:00:15.5:   bridge window [mem 0xfc000000-0xfc0fffff]
May  8 08:58:14 kali kernel: [    0.313032] pci 0000:00:15.5:   bridge window [mem 0xe6600000-0xe66fffff 64bit pref]
May  8 08:58:14 kali kernel: [    0.313066] pci 0000:00:15.6: PCI bridge to [bus 09]
May  8 08:58:14 kali kernel: [    0.313087] pci 0000:00:15.6:   bridge window [mem 0xfbc00000-0xfbcfffff]
May  8 08:58:14 kali kernel: [    0.313101] pci 0000:00:15.6:   bridge window [mem 0xe6200000-0xe62fffff 64bit pref]
May  8 08:58:14 kali kernel: [    0.313136] pci 0000:00:15.7: PCI bridge to [bus 0a]
May  8 08:58:14 kali kernel: [    0.313157] pci 0000:00:15.7:   bridge window [mem 0xfb800000-0xfb8fffff]
May  8 08:58:14 kali kernel: [    0.313171] pci 0000:00:15.7:   bridge window [mem 0xe5e00000-0xe5efffff 64bit pref]
May  8 08:58:14 kali kernel: [    0.313206] pci 0000:00:16.0: PCI bridge to [bus 0b]
May  8 08:58:14 kali kernel: [    0.313213] pci 0000:00:16.0:   bridge window [io  0x5000-0x5fff]
May  8 08:58:14 kali kernel: [    0.313235] pci 0000:00:16.0:   bridge window [mem 0xfd300000-0xfd3fffff]
May  8 08:58:14 kali kernel: [    0.313249] pci 0000:00:16.0:   bridge window [mem 0xe7900000-0xe79fffff 64bit pref]
May  8 08:58:14 kali kernel: [    0.313283] pci 0000:00:16.1: PCI bridge to [bus 0c]
May  8 08:58:14 kali kernel: [    0.313291] pci 0000:00:16.1:   bridge window [io  0x9000-0x9fff]
May  8 08:58:14 kali kernel: [    0.313312] pci 0000:00:16.1:   bridge window [mem 0xfcf00000-0xfcffffff]
May  8 08:58:14 kali kernel: [    0.313327] pci 0000:00:16.1:   bridge window [mem 0xe7500000-0xe75fffff 64bit pref]
May  8 08:58:14 kali kernel: [    0.313361] pci 0000:00:16.2: PCI bridge to [bus 0d]
May  8 08:58:14 kali kernel: [    0.313369] pci 0000:00:16.2:   bridge window [io  0xd000-0xdfff]
May  8 08:58:14 kali kernel: [    0.313390] pci 0000:00:16.2:   bridge window [mem 0xfcb00000-0xfcbfffff]
May  8 08:58:14 kali kernel: [    0.313404] pci 0000:00:16.2:   bridge window [mem 0xe7100000-0xe71fffff 64bit pref]
May  8 08:58:14 kali kernel: [    0.313493] pci 0000:00:16.3: PCI bridge to [bus 0e]
May  8 08:58:14 kali kernel: [    0.313517] pci 0000:00:16.3:   bridge window [mem 0xfc700000-0xfc7fffff]
May  8 08:58:14 kali kernel: [    0.313532] pci 0000:00:16.3:   bridge window [mem 0xe6d00000-0xe6dfffff 64bit pref]
May  8 08:58:14 kali kernel: [    0.313568] pci 0000:00:16.4: PCI bridge to [bus 0f]
May  8 08:58:14 kali kernel: [    0.313589] pci 0000:00:16.4:   bridge window [mem 0xfc300000-0xfc3fffff]
May  8 08:58:14 kali kernel: [    0.313604] pci 0000:00:16.4:   bridge window [mem 0xe6900000-0xe69fffff 64bit pref]
May  8 08:58:14 kali kernel: [    0.313638] pci 0000:00:16.5: PCI bridge to [bus 10]
May  8 08:58:14 kali kernel: [    0.313660] pci 0000:00:16.5:   bridge window [mem 0xfbf00000-0xfbffffff]
May  8 08:58:14 kali kernel: [    0.313674] pci 0000:00:16.5:   bridge window [mem 0xe6500000-0xe65fffff 64bit pref]
May  8 08:58:14 kali kernel: [    0.313709] pci 0000:00:16.6: PCI bridge to [bus 11]
May  8 08:58:14 kali kernel: [    0.313730] pci 0000:00:16.6:   bridge window [mem 0xfbb00000-0xfbbfffff]
May  8 08:58:14 kali kernel: [    0.313744] pci 0000:00:16.6:   bridge window [mem 0xe6100000-0xe61fffff 64bit pref]
May  8 08:58:14 kali kernel: [    0.313779] pci 0000:00:16.7: PCI bridge to [bus 12]
May  8 08:58:14 kali kernel: [    0.313803] pci 0000:00:16.7:   bridge window [mem 0xfb700000-0xfb7fffff]
May  8 08:58:14 kali kernel: [    0.313820] pci 0000:00:16.7:   bridge window [mem 0xe5d00000-0xe5dfffff 64bit pref]
May  8 08:58:14 kali kernel: [    0.313858] pci 0000:00:17.0: PCI bridge to [bus 13]
May  8 08:58:14 kali kernel: [    0.313868] pci 0000:00:17.0:   bridge window [io  0x6000-0x6fff]
May  8 08:58:14 kali kernel: [    0.313890] pci 0000:00:17.0:   bridge window [mem 0xfd200000-0xfd2fffff]
May  8 08:58:14 kali kernel: [    0.313905] pci 0000:00:17.0:   bridge window [mem 0xe7800000-0xe78fffff 64bit pref]
May  8 08:58:14 kali kernel: [    0.313941] pci 0000:00:17.1: PCI bridge to [bus 14]
May  8 08:58:14 kali kernel: [    0.313949] pci 0000:00:17.1:   bridge window [io  0xa000-0xafff]
May  8 08:58:14 kali kernel: [    0.313971] pci 0000:00:17.1:   bridge window [mem 0xfce00000-0xfcefffff]
May  8 08:58:14 kali kernel: [    0.313985] pci 0000:00:17.1:   bridge window [mem 0xe7400000-0xe74fffff 64bit pref]
May  8 08:58:14 kali kernel: [    0.314021] pci 0000:00:17.2: PCI bridge to [bus 15]
May  8 08:58:14 kali kernel: [    0.314029] pci 0000:00:17.2:   bridge window [io  0xe000-0xefff]
May  8 08:58:14 kali kernel: [    0.314051] pci 0000:00:17.2:   bridge window [mem 0xfca00000-0xfcafffff]
May  8 08:58:14 kali kernel: [    0.314065] pci 0000:00:17.2:   bridge window [mem 0xe7000000-0xe70fffff 64bit pref]
May  8 08:58:14 kali kernel: [    0.314109] pci 0000:00:17.3: PCI bridge to [bus 16]
May  8 08:58:14 kali kernel: [    0.314131] pci 0000:00:17.3:   bridge window [mem 0xfc600000-0xfc6fffff]
May  8 08:58:14 kali kernel: [    0.314146] pci 0000:00:17.3:   bridge window [mem 0xe6c00000-0xe6cfffff 64bit pref]
May  8 08:58:14 kali kernel: [    0.314182] pci 0000:00:17.4: PCI bridge to [bus 17]
May  8 08:58:14 kali kernel: [    0.314204] pci 0000:00:17.4:   bridge window [mem 0xfc200000-0xfc2fffff]
May  8 08:58:14 kali kernel: [    0.314219] pci 0000:00:17.4:   bridge window [mem 0xe6800000-0xe68fffff 64bit pref]
May  8 08:58:14 kali kernel: [    0.314254] pci 0000:00:17.5: PCI bridge to [bus 18]
May  8 08:58:14 kali kernel: [    0.314276] pci 0000:00:17.5:   bridge window [mem 0xfbe00000-0xfbefffff]
May  8 08:58:14 kali kernel: [    0.314291] pci 0000:00:17.5:   bridge window [mem 0xe6400000-0xe64fffff 64bit pref]
May  8 08:58:14 kali kernel: [    0.314326] pci 0000:00:17.6: PCI bridge to [bus 19]
May  8 08:58:14 kali kernel: [    0.314348] pci 0000:00:17.6:   bridge window [mem 0xfba00000-0xfbafffff]
May  8 08:58:14 kali kernel: [    0.314363] pci 0000:00:17.6:   bridge window [mem 0xe6000000-0xe60fffff 64bit pref]
May  8 08:58:14 kali kernel: [    0.314398] pci 0000:00:17.7: PCI bridge to [bus 1a]
May  8 08:58:14 kali kernel: [    0.314420] pci 0000:00:17.7:   bridge window [mem 0xfb600000-0xfb6fffff]
May  8 08:58:14 kali kernel: [    0.314435] pci 0000:00:17.7:   bridge window [mem 0xe5c00000-0xe5cfffff 64bit pref]
May  8 08:58:14 kali kernel: [    0.314478] pci 0000:00:18.0: PCI bridge to [bus 1b]
May  8 08:58:14 kali kernel: [    0.314487] pci 0000:00:18.0:   bridge window [io  0x7000-0x7fff]
May  8 08:58:14 kali kernel: [    0.314508] pci 0000:00:18.0:   bridge window [mem 0xfd100000-0xfd1fffff]
May  8 08:58:14 kali kernel: [    0.314523] pci 0000:00:18.0:   bridge window [mem 0xe7700000-0xe77fffff 64bit pref]
May  8 08:58:14 kali kernel: [    0.314558] pci 0000:00:18.1: PCI bridge to [bus 1c]
May  8 08:58:14 kali kernel: [    0.314567] pci 0000:00:18.1:   bridge window [io  0xb000-0xbfff]
May  8 08:58:14 kali kernel: [    0.314588] pci 0000:00:18.1:   bridge window [mem 0xfcd00000-0xfcdfffff]
May  8 08:58:14 kali kernel: [    0.314603] pci 0000:00:18.1:   bridge window [mem 0xe7300000-0xe73fffff 64bit pref]
May  8 08:58:14 kali kernel: [    0.314639] pci 0000:00:18.2: PCI bridge to [bus 1d]
May  8 08:58:14 kali kernel: [    0.314660] pci 0000:00:18.2:   bridge window [mem 0xfc900000-0xfc9fffff]
May  8 08:58:14 kali kernel: [    0.314675] pci 0000:00:18.2:   bridge window [mem 0xe6f00000-0xe6ffffff 64bit pref]
May  8 08:58:14 kali kernel: [    0.314711] pci 0000:00:18.3: PCI bridge to [bus 1e]
May  8 08:58:14 kali kernel: [    0.314732] pci 0000:00:18.3:   bridge window [mem 0xfc500000-0xfc5fffff]
May  8 08:58:14 kali kernel: [    0.314747] pci 0000:00:18.3:   bridge window [mem 0xe6b00000-0xe6bfffff 64bit pref]
May  8 08:58:14 kali kernel: [    0.314809] pci 0000:00:18.4: PCI bridge to [bus 1f]
May  8 08:58:14 kali kernel: [    0.314832] pci 0000:00:18.4:   bridge window [mem 0xfc100000-0xfc1fffff]
May  8 08:58:14 kali kernel: [    0.314846] pci 0000:00:18.4:   bridge window [mem 0xe6700000-0xe67fffff 64bit pref]
May  8 08:58:14 kali kernel: [    0.314882] pci 0000:00:18.5: PCI bridge to [bus 20]
May  8 08:58:14 kali kernel: [    0.314904] pci 0000:00:18.5:   bridge window [mem 0xfbd00000-0xfbdfffff]
May  8 08:58:14 kali kernel: [    0.314918] pci 0000:00:18.5:   bridge window [mem 0xe6300000-0xe63fffff 64bit pref]
May  8 08:58:14 kali kernel: [    0.314954] pci 0000:00:18.6: PCI bridge to [bus 21]
May  8 08:58:14 kali kernel: [    0.314976] pci 0000:00:18.6:   bridge window [mem 0xfb900000-0xfb9fffff]
May  8 08:58:14 kali kernel: [    0.314990] pci 0000:00:18.6:   bridge window [mem 0xe5f00000-0xe5ffffff 64bit pref]
May  8 08:58:14 kali kernel: [    0.315026] pci 0000:00:18.7: PCI bridge to [bus 22]
May  8 08:58:14 kali kernel: [    0.315048] pci 0000:00:18.7:   bridge window [mem 0xfb500000-0xfb5fffff]
May  8 08:58:14 kali kernel: [    0.315083] pci 0000:00:18.7:   bridge window [mem 0xe5b00000-0xe5bfffff 64bit pref]
May  8 08:58:14 kali kernel: [    0.315121] pci_bus 0000:00: resource 4 [mem 0x000a0000-0x000bffff window]
May  8 08:58:14 kali kernel: [    0.315122] pci_bus 0000:00: resource 5 [mem 0x000cc000-0x000cffff window]
May  8 08:58:14 kali kernel: [    0.315122] pci_bus 0000:00: resource 6 [mem 0x000d0000-0x000d3fff window]
May  8 08:58:14 kali kernel: [    0.315123] pci_bus 0000:00: resource 7 [mem 0x000d4000-0x000d7fff window]
May  8 08:58:14 kali kernel: [    0.315123] pci_bus 0000:00: resource 8 [mem 0x000d8000-0x000dbfff window]
May  8 08:58:14 kali kernel: [    0.315124] pci_bus 0000:00: resource 9 [mem 0x80000000-0xfebfffff window]
May  8 08:58:14 kali kernel: [    0.315125] pci_bus 0000:00: resource 10 [io  0x0000-0x0cf7 window]
May  8 08:58:14 kali kernel: [    0.315126] pci_bus 0000:00: resource 11 [io  0x0d00-0xfeff window]
May  8 08:58:14 kali kernel: [    0.315128] pci_bus 0000:02: resource 0 [io  0x2000-0x3fff]
May  8 08:58:14 kali kernel: [    0.315128] pci_bus 0000:02: resource 1 [mem 0xfd500000-0xfdffffff]
May  8 08:58:14 kali kernel: [    0.315129] pci_bus 0000:02: resource 2 [mem 0xe7b00000-0xe7ffffff 64bit pref]
May  8 08:58:14 kali kernel: [    0.315129] pci_bus 0000:02: resource 4 [mem 0x000a0000-0x000bffff window]
May  8 08:58:14 kali kernel: [    0.315130] pci_bus 0000:02: resource 5 [mem 0x000cc000-0x000cffff window]
May  8 08:58:14 kali kernel: [    0.315131] pci_bus 0000:02: resource 6 [mem 0x000d0000-0x000d3fff window]
May  8 08:58:14 kali kernel: [    0.315131] pci_bus 0000:02: resource 7 [mem 0x000d4000-0x000d7fff window]
May  8 08:58:14 kali kernel: [    0.315132] pci_bus 0000:02: resource 8 [mem 0x000d8000-0x000dbfff window]
May  8 08:58:14 kali kernel: [    0.315132] pci_bus 0000:02: resource 9 [mem 0x80000000-0xfebfffff window]
May  8 08:58:14 kali kernel: [    0.315133] pci_bus 0000:02: resource 10 [io  0x0000-0x0cf7 window]
May  8 08:58:14 kali kernel: [    0.315133] pci_bus 0000:02: resource 11 [io  0x0d00-0xfeff window]
May  8 08:58:14 kali kernel: [    0.315135] pci_bus 0000:03: resource 0 [io  0x4000-0x4fff]
May  8 08:58:14 kali kernel: [    0.315135] pci_bus 0000:03: resource 1 [mem 0xfd400000-0xfd4fffff]
May  8 08:58:14 kali kernel: [    0.315136] pci_bus 0000:03: resource 2 [mem 0xe7a00000-0xe7afffff 64bit pref]
May  8 08:58:14 kali kernel: [    0.315137] pci_bus 0000:04: resource 0 [io  0x8000-0x8fff]
May  8 08:58:14 kali kernel: [    0.315137] pci_bus 0000:04: resource 1 [mem 0xfd000000-0xfd0fffff]
May  8 08:58:14 kali kernel: [    0.315138] pci_bus 0000:04: resource 2 [mem 0xe7600000-0xe76fffff 64bit pref]
May  8 08:58:14 kali kernel: [    0.315138] pci_bus 0000:05: resource 0 [io  0xc000-0xcfff]
May  8 08:58:14 kali kernel: [    0.315139] pci_bus 0000:05: resource 1 [mem 0xfcc00000-0xfccfffff]
May  8 08:58:14 kali kernel: [    0.315139] pci_bus 0000:05: resource 2 [mem 0xe7200000-0xe72fffff 64bit pref]
May  8 08:58:14 kali kernel: [    0.315141] pci_bus 0000:06: resource 1 [mem 0xfc800000-0xfc8fffff]
May  8 08:58:14 kali kernel: [    0.315141] pci_bus 0000:06: resource 2 [mem 0xe6e00000-0xe6efffff 64bit pref]
May  8 08:58:14 kali kernel: [    0.315142] pci_bus 0000:07: resource 1 [mem 0xfc400000-0xfc4fffff]
May  8 08:58:14 kali kernel: [    0.315142] pci_bus 0000:07: resource 2 [mem 0xe6a00000-0xe6afffff 64bit pref]
May  8 08:58:14 kali kernel: [    0.315143] pci_bus 0000:08: resource 1 [mem 0xfc000000-0xfc0fffff]
May  8 08:58:14 kali kernel: [    0.315144] pci_bus 0000:08: resource 2 [mem 0xe6600000-0xe66fffff 64bit pref]
May  8 08:58:14 kali kernel: [    0.315145] pci_bus 0000:09: resource 1 [mem 0xfbc00000-0xfbcfffff]
May  8 08:58:14 kali kernel: [    0.315145] pci_bus 0000:09: resource 2 [mem 0xe6200000-0xe62fffff 64bit pref]
May  8 08:58:14 kali kernel: [    0.315146] pci_bus 0000:0a: resource 1 [mem 0xfb800000-0xfb8fffff]
May  8 08:58:14 kali kernel: [    0.315146] pci_bus 0000:0a: resource 2 [mem 0xe5e00000-0xe5efffff 64bit pref]
May  8 08:58:14 kali kernel: [    0.315147] pci_bus 0000:0b: resource 0 [io  0x5000-0x5fff]
May  8 08:58:14 kali kernel: [    0.315148] pci_bus 0000:0b: resource 1 [mem 0xfd300000-0xfd3fffff]
May  8 08:58:14 kali kernel: [    0.315148] pci_bus 0000:0b: resource 2 [mem 0xe7900000-0xe79fffff 64bit pref]
May  8 08:58:14 kali kernel: [    0.315149] pci_bus 0000:0c: resource 0 [io  0x9000-0x9fff]
May  8 08:58:14 kali kernel: [    0.315150] pci_bus 0000:0c: resource 1 [mem 0xfcf00000-0xfcffffff]
May  8 08:58:14 kali kernel: [    0.315150] pci_bus 0000:0c: resource 2 [mem 0xe7500000-0xe75fffff 64bit pref]
May  8 08:58:14 kali kernel: [    0.315151] pci_bus 0000:0d: resource 0 [io  0xd000-0xdfff]
May  8 08:58:14 kali kernel: [    0.315151] pci_bus 0000:0d: resource 1 [mem 0xfcb00000-0xfcbfffff]
May  8 08:58:14 kali kernel: [    0.315152] pci_bus 0000:0d: resource 2 [mem 0xe7100000-0xe71fffff 64bit pref]
May  8 08:58:14 kali kernel: [    0.315152] pci_bus 0000:0e: resource 1 [mem 0xfc700000-0xfc7fffff]
May  8 08:58:14 kali kernel: [    0.315153] pci_bus 0000:0e: resource 2 [mem 0xe6d00000-0xe6dfffff 64bit pref]
May  8 08:58:14 kali kernel: [    0.315154] pci_bus 0000:0f: resource 1 [mem 0xfc300000-0xfc3fffff]
May  8 08:58:14 kali kernel: [    0.315154] pci_bus 0000:0f: resource 2 [mem 0xe6900000-0xe69fffff 64bit pref]
May  8 08:58:14 kali kernel: [    0.315155] pci_bus 0000:10: resource 1 [mem 0xfbf00000-0xfbffffff]
May  8 08:58:14 kali kernel: [    0.315155] pci_bus 0000:10: resource 2 [mem 0xe6500000-0xe65fffff 64bit pref]
May  8 08:58:14 kali kernel: [    0.315156] pci_bus 0000:11: resource 1 [mem 0xfbb00000-0xfbbfffff]
May  8 08:58:14 kali kernel: [    0.315157] pci_bus 0000:11: resource 2 [mem 0xe6100000-0xe61fffff 64bit pref]
May  8 08:58:14 kali kernel: [    0.315157] pci_bus 0000:12: resource 1 [mem 0xfb700000-0xfb7fffff]
May  8 08:58:14 kali kernel: [    0.315158] pci_bus 0000:12: resource 2 [mem 0xe5d00000-0xe5dfffff 64bit pref]
May  8 08:58:14 kali kernel: [    0.315158] pci_bus 0000:13: resource 0 [io  0x6000-0x6fff]
May  8 08:58:14 kali kernel: [    0.315159] pci_bus 0000:13: resource 1 [mem 0xfd200000-0xfd2fffff]
May  8 08:58:14 kali kernel: [    0.315159] pci_bus 0000:13: resource 2 [mem 0xe7800000-0xe78fffff 64bit pref]
May  8 08:58:14 kali kernel: [    0.315160] pci_bus 0000:14: resource 0 [io  0xa000-0xafff]
May  8 08:58:14 kali kernel: [    0.315161] pci_bus 0000:14: resource 1 [mem 0xfce00000-0xfcefffff]
May  8 08:58:14 kali kernel: [    0.315161] pci_bus 0000:14: resource 2 [mem 0xe7400000-0xe74fffff 64bit pref]
May  8 08:58:14 kali kernel: [    0.315162] pci_bus 0000:15: resource 0 [io  0xe000-0xefff]
May  8 08:58:14 kali kernel: [    0.315162] pci_bus 0000:15: resource 1 [mem 0xfca00000-0xfcafffff]
May  8 08:58:14 kali kernel: [    0.315163] pci_bus 0000:15: resource 2 [mem 0xe7000000-0xe70fffff 64bit pref]
May  8 08:58:14 kali kernel: [    0.315163] pci_bus 0000:16: resource 1 [mem 0xfc600000-0xfc6fffff]
May  8 08:58:14 kali kernel: [    0.315164] pci_bus 0000:16: resource 2 [mem 0xe6c00000-0xe6cfffff 64bit pref]
May  8 08:58:14 kali kernel: [    0.315165] pci_bus 0000:17: resource 1 [mem 0xfc200000-0xfc2fffff]
May  8 08:58:14 kali kernel: [    0.315165] pci_bus 0000:17: resource 2 [mem 0xe6800000-0xe68fffff 64bit pref]
May  8 08:58:14 kali kernel: [    0.315166] pci_bus 0000:18: resource 1 [mem 0xfbe00000-0xfbefffff]
May  8 08:58:14 kali kernel: [    0.315166] pci_bus 0000:18: resource 2 [mem 0xe6400000-0xe64fffff 64bit pref]
May  8 08:58:14 kali kernel: [    0.315167] pci_bus 0000:19: resource 1 [mem 0xfba00000-0xfbafffff]
May  8 08:58:14 kali kernel: [    0.315167] pci_bus 0000:19: resource 2 [mem 0xe6000000-0xe60fffff 64bit pref]
May  8 08:58:14 kali kernel: [    0.315168] pci_bus 0000:1a: resource 1 [mem 0xfb600000-0xfb6fffff]
May  8 08:58:14 kali kernel: [    0.315169] pci_bus 0000:1a: resource 2 [mem 0xe5c00000-0xe5cfffff 64bit pref]
May  8 08:58:14 kali kernel: [    0.315169] pci_bus 0000:1b: resource 0 [io  0x7000-0x7fff]
May  8 08:58:14 kali kernel: [    0.315170] pci_bus 0000:1b: resource 1 [mem 0xfd100000-0xfd1fffff]
May  8 08:58:14 kali kernel: [    0.315170] pci_bus 0000:1b: resource 2 [mem 0xe7700000-0xe77fffff 64bit pref]
May  8 08:58:14 kali kernel: [    0.315171] pci_bus 0000:1c: resource 0 [io  0xb000-0xbfff]
May  8 08:58:14 kali kernel: [    0.315171] pci_bus 0000:1c: resource 1 [mem 0xfcd00000-0xfcdfffff]
May  8 08:58:14 kali kernel: [    0.315172] pci_bus 0000:1c: resource 2 [mem 0xe7300000-0xe73fffff 64bit pref]
May  8 08:58:14 kali kernel: [    0.315173] pci_bus 0000:1d: resource 1 [mem 0xfc900000-0xfc9fffff]
May  8 08:58:14 kali kernel: [    0.315173] pci_bus 0000:1d: resource 2 [mem 0xe6f00000-0xe6ffffff 64bit pref]
May  8 08:58:14 kali kernel: [    0.315174] pci_bus 0000:1e: resource 1 [mem 0xfc500000-0xfc5fffff]
May  8 08:58:14 kali kernel: [    0.315174] pci_bus 0000:1e: resource 2 [mem 0xe6b00000-0xe6bfffff 64bit pref]
May  8 08:58:14 kali kernel: [    0.315175] pci_bus 0000:1f: resource 1 [mem 0xfc100000-0xfc1fffff]
May  8 08:58:14 kali kernel: [    0.315175] pci_bus 0000:1f: resource 2 [mem 0xe6700000-0xe67fffff 64bit pref]
May  8 08:58:14 kali kernel: [    0.315176] pci_bus 0000:20: resource 1 [mem 0xfbd00000-0xfbdfffff]
May  8 08:58:14 kali kernel: [    0.315177] pci_bus 0000:20: resource 2 [mem 0xe6300000-0xe63fffff 64bit pref]
May  8 08:58:14 kali kernel: [    0.315177] pci_bus 0000:21: resource 1 [mem 0xfb900000-0xfb9fffff]
May  8 08:58:14 kali kernel: [    0.315178] pci_bus 0000:21: resource 2 [mem 0xe5f00000-0xe5ffffff 64bit pref]
May  8 08:58:14 kali kernel: [    0.315178] pci_bus 0000:22: resource 1 [mem 0xfb500000-0xfb5fffff]
May  8 08:58:14 kali kernel: [    0.315179] pci_bus 0000:22: resource 2 [mem 0xe5b00000-0xe5bfffff 64bit pref]
May  8 08:58:14 kali kernel: [    0.315335] NET: Registered protocol family 2
May  8 08:58:14 kali kernel: [    0.315558] tcp_listen_portaddr_hash hash table entries: 1024 (order: 2, 16384 bytes, linear)
May  8 08:58:14 kali kernel: [    0.315562] TCP established hash table entries: 16384 (order: 5, 131072 bytes, linear)
May  8 08:58:14 kali kernel: [    0.315597] TCP bind hash table entries: 16384 (order: 6, 262144 bytes, linear)
May  8 08:58:14 kali kernel: [    0.315617] TCP: Hash tables configured (established 16384 bind 16384)
May  8 08:58:14 kali kernel: [    0.315677] UDP hash table entries: 1024 (order: 3, 32768 bytes, linear)
May  8 08:58:14 kali kernel: [    0.315689] UDP-Lite hash table entries: 1024 (order: 3, 32768 bytes, linear)
May  8 08:58:14 kali kernel: [    0.315824] NET: Registered protocol family 1
May  8 08:58:14 kali kernel: [    0.315828] NET: Registered protocol family 44
May  8 08:58:14 kali kernel: [    0.315833] pci 0000:00:00.0: Limiting direct PCI/PCI transfers
May  8 08:58:14 kali kernel: [    0.315948] pci 0000:00:0f.0: Video device with shadowed ROM at [mem 0x000c0000-0x000dffff]
May  8 08:58:14 kali kernel: [    0.316739] pci 0000:02:01.0: CLS mismatch (32 != 64), using 64 bytes
May  8 08:58:14 kali kernel: [    0.317098] Trying to unpack rootfs image as initramfs...
May  8 08:58:14 kali kernel: [    0.928892] Freeing initrd memory: 56676K
May  8 08:58:14 kali kernel: [    0.929461] Initialise system trusted keyrings
May  8 08:58:14 kali kernel: [    0.929468] Key type blacklist registered
May  8 08:58:14 kali kernel: [    0.929609] workingset: timestamp_bits=40 max_order=19 bucket_order=0
May  8 08:58:14 kali kernel: [    0.930233] zbud: loaded
May  8 08:58:14 kali kernel: [    0.930531] Platform Keyring initialized
May  8 08:58:14 kali kernel: [    0.930533] Key type asymmetric registered
May  8 08:58:14 kali kernel: [    0.930534] Asymmetric key parser 'x509' registered
May  8 08:58:14 kali kernel: [    0.930539] Block layer SCSI generic (bsg) driver version 0.4 loaded (major 250)
May  8 08:58:14 kali kernel: [    0.930667] io scheduler mq-deadline registered
May  8 08:58:14 kali kernel: [    0.931440] pcieport 0000:00:15.0: PME: Signaling with IRQ 24
May  8 08:58:14 kali kernel: [    0.931504] pcieport 0000:00:15.0: pciehp: Slot #160 AttnBtn+ PwrCtrl+ MRL- AttnInd- PwrInd- HotPlug+ Surprise- Interlock- NoCompl+ LLActRep+
May  8 08:58:14 kali kernel: [    0.932267] pcieport 0000:00:15.1: PME: Signaling with IRQ 25
May  8 08:58:14 kali kernel: [    0.932328] pcieport 0000:00:15.1: pciehp: Slot #161 AttnBtn+ PwrCtrl+ MRL- AttnInd- PwrInd- HotPlug+ Surprise- Interlock- NoCompl+ LLActRep+
May  8 08:58:14 kali kernel: [    0.933023] pcieport 0000:00:15.2: PME: Signaling with IRQ 26
May  8 08:58:14 kali kernel: [    0.933084] pcieport 0000:00:15.2: pciehp: Slot #162 AttnBtn+ PwrCtrl+ MRL- AttnInd- PwrInd- HotPlug+ Surprise- Interlock- NoCompl+ LLActRep+
May  8 08:58:14 kali kernel: [    0.933977] pcieport 0000:00:15.3: PME: Signaling with IRQ 27
May  8 08:58:14 kali kernel: [    0.934054] pcieport 0000:00:15.3: pciehp: Slot #163 AttnBtn+ PwrCtrl+ MRL- AttnInd- PwrInd- HotPlug+ Surprise- Interlock- NoCompl+ LLActRep+
May  8 08:58:14 kali kernel: [    0.934791] pcieport 0000:00:15.4: PME: Signaling with IRQ 28
May  8 08:58:14 kali kernel: [    0.934854] pcieport 0000:00:15.4: pciehp: Slot #164 AttnBtn+ PwrCtrl+ MRL- AttnInd- PwrInd- HotPlug+ Surprise- Interlock- NoCompl+ LLActRep+
May  8 08:58:14 kali kernel: [    0.935676] pcieport 0000:00:15.5: PME: Signaling with IRQ 29
May  8 08:58:14 kali kernel: [    0.935739] pcieport 0000:00:15.5: pciehp: Slot #165 AttnBtn+ PwrCtrl+ MRL- AttnInd- PwrInd- HotPlug+ Surprise- Interlock- NoCompl+ LLActRep+
May  8 08:58:14 kali kernel: [    0.936473] pcieport 0000:00:15.6: PME: Signaling with IRQ 30
May  8 08:58:14 kali kernel: [    0.936536] pcieport 0000:00:15.6: pciehp: Slot #166 AttnBtn+ PwrCtrl+ MRL- AttnInd- PwrInd- HotPlug+ Surprise- Interlock- NoCompl+ LLActRep+
May  8 08:58:14 kali kernel: [    0.937267] pcieport 0000:00:15.7: PME: Signaling with IRQ 31
May  8 08:58:14 kali kernel: [    0.937331] pcieport 0000:00:15.7: pciehp: Slot #167 AttnBtn+ PwrCtrl+ MRL- AttnInd- PwrInd- HotPlug+ Surprise- Interlock- NoCompl+ LLActRep+
May  8 08:58:14 kali kernel: [    0.938084] pcieport 0000:00:16.0: PME: Signaling with IRQ 32
May  8 08:58:14 kali kernel: [    0.938151] pcieport 0000:00:16.0: pciehp: Slot #192 AttnBtn+ PwrCtrl+ MRL- AttnInd- PwrInd- HotPlug+ Surprise- Interlock- NoCompl+ LLActRep+
May  8 08:58:14 kali kernel: [    0.938866] pcieport 0000:00:16.1: PME: Signaling with IRQ 33
May  8 08:58:14 kali kernel: [    0.938930] pcieport 0000:00:16.1: pciehp: Slot #193 AttnBtn+ PwrCtrl+ MRL- AttnInd- PwrInd- HotPlug+ Surprise- Interlock- NoCompl+ LLActRep+
May  8 08:58:14 kali kernel: [    0.939645] pcieport 0000:00:16.2: PME: Signaling with IRQ 34
May  8 08:58:14 kali kernel: [    0.939707] pcieport 0000:00:16.2: pciehp: Slot #194 AttnBtn+ PwrCtrl+ MRL- AttnInd- PwrInd- HotPlug+ Surprise- Interlock- NoCompl+ LLActRep+
May  8 08:58:14 kali kernel: [    0.940407] pcieport 0000:00:16.3: PME: Signaling with IRQ 35
May  8 08:58:14 kali kernel: [    0.940467] pcieport 0000:00:16.3: pciehp: Slot #195 AttnBtn+ PwrCtrl+ MRL- AttnInd- PwrInd- HotPlug+ Surprise- Interlock- NoCompl+ LLActRep+
May  8 08:58:14 kali kernel: [    0.941161] pcieport 0000:00:16.4: PME: Signaling with IRQ 36
May  8 08:58:14 kali kernel: [    0.941223] pcieport 0000:00:16.4: pciehp: Slot #196 AttnBtn+ PwrCtrl+ MRL- AttnInd- PwrInd- HotPlug+ Surprise- Interlock- NoCompl+ LLActRep+
May  8 08:58:14 kali kernel: [    0.941923] pcieport 0000:00:16.5: PME: Signaling with IRQ 37
May  8 08:58:14 kali kernel: [    0.941983] pcieport 0000:00:16.5: pciehp: Slot #197 AttnBtn+ PwrCtrl+ MRL- AttnInd- PwrInd- HotPlug+ Surprise- Interlock- NoCompl+ LLActRep+
May  8 08:58:14 kali kernel: [    0.942721] pcieport 0000:00:16.6: PME: Signaling with IRQ 38
May  8 08:58:14 kali kernel: [    0.942784] pcieport 0000:00:16.6: pciehp: Slot #198 AttnBtn+ PwrCtrl+ MRL- AttnInd- PwrInd- HotPlug+ Surprise- Interlock- NoCompl+ LLActRep+
May  8 08:58:14 kali kernel: [    0.943571] pcieport 0000:00:16.7: PME: Signaling with IRQ 39
May  8 08:58:14 kali kernel: [    0.943631] pcieport 0000:00:16.7: pciehp: Slot #199 AttnBtn+ PwrCtrl+ MRL- AttnInd- PwrInd- HotPlug+ Surprise- Interlock- NoCompl+ LLActRep+
May  8 08:58:14 kali kernel: [    0.944437] pcieport 0000:00:17.0: PME: Signaling with IRQ 40
May  8 08:58:14 kali kernel: [    0.944502] pcieport 0000:00:17.0: pciehp: Slot #224 AttnBtn+ PwrCtrl+ MRL- AttnInd- PwrInd- HotPlug+ Surprise- Interlock- NoCompl+ LLActRep+
May  8 08:58:14 kali kernel: [    0.945254] pcieport 0000:00:17.1: PME: Signaling with IRQ 41
May  8 08:58:14 kali kernel: [    0.945317] pcieport 0000:00:17.1: pciehp: Slot #225 AttnBtn+ PwrCtrl+ MRL- AttnInd- PwrInd- HotPlug+ Surprise- Interlock- NoCompl+ LLActRep+
May  8 08:58:14 kali kernel: [    0.946034] pcieport 0000:00:17.2: PME: Signaling with IRQ 42
May  8 08:58:14 kali kernel: [    0.946117] pcieport 0000:00:17.2: pciehp: Slot #226 AttnBtn+ PwrCtrl+ MRL- AttnInd- PwrInd- HotPlug+ Surprise- Interlock- NoCompl+ LLActRep+
May  8 08:58:14 kali kernel: [    0.946831] pcieport 0000:00:17.3: PME: Signaling with IRQ 43
May  8 08:58:14 kali kernel: [    0.946904] pcieport 0000:00:17.3: pciehp: Slot #227 AttnBtn+ PwrCtrl+ MRL- AttnInd- PwrInd- HotPlug+ Surprise- Interlock- NoCompl+ LLActRep+
May  8 08:58:14 kali kernel: [    0.947622] pcieport 0000:00:17.4: PME: Signaling with IRQ 44
May  8 08:58:14 kali kernel: [    0.947684] pcieport 0000:00:17.4: pciehp: Slot #228 AttnBtn+ PwrCtrl+ MRL- AttnInd- PwrInd- HotPlug+ Surprise- Interlock- NoCompl+ LLActRep+
May  8 08:58:14 kali kernel: [    0.948416] pcieport 0000:00:17.5: PME: Signaling with IRQ 45
May  8 08:58:14 kali kernel: [    0.948482] pcieport 0000:00:17.5: pciehp: Slot #229 AttnBtn+ PwrCtrl+ MRL- AttnInd- PwrInd- HotPlug+ Surprise- Interlock- NoCompl+ LLActRep+
May  8 08:58:14 kali kernel: [    0.949219] pcieport 0000:00:17.6: PME: Signaling with IRQ 46
May  8 08:58:14 kali kernel: [    0.949281] pcieport 0000:00:17.6: pciehp: Slot #230 AttnBtn+ PwrCtrl+ MRL- AttnInd- PwrInd- HotPlug+ Surprise- Interlock- NoCompl+ LLActRep+
May  8 08:58:14 kali kernel: [    0.950023] pcieport 0000:00:17.7: PME: Signaling with IRQ 47
May  8 08:58:14 kali kernel: [    0.950087] pcieport 0000:00:17.7: pciehp: Slot #231 AttnBtn+ PwrCtrl+ MRL- AttnInd- PwrInd- HotPlug+ Surprise- Interlock- NoCompl+ LLActRep+
May  8 08:58:14 kali kernel: [    0.950863] pcieport 0000:00:18.0: PME: Signaling with IRQ 48
May  8 08:58:14 kali kernel: [    0.950926] pcieport 0000:00:18.0: pciehp: Slot #256 AttnBtn+ PwrCtrl+ MRL- AttnInd- PwrInd- HotPlug+ Surprise- Interlock- NoCompl+ LLActRep+
May  8 08:58:14 kali kernel: [    0.951665] pcieport 0000:00:18.1: PME: Signaling with IRQ 49
May  8 08:58:14 kali kernel: [    0.951729] pcieport 0000:00:18.1: pciehp: Slot #257 AttnBtn+ PwrCtrl+ MRL- AttnInd- PwrInd- HotPlug+ Surprise- Interlock- NoCompl+ LLActRep+
May  8 08:58:14 kali kernel: [    0.952439] pcieport 0000:00:18.2: PME: Signaling with IRQ 50
May  8 08:58:14 kali kernel: [    0.952500] pcieport 0000:00:18.2: pciehp: Slot #258 AttnBtn+ PwrCtrl+ MRL- AttnInd- PwrInd- HotPlug+ Surprise- Interlock- NoCompl+ LLActRep+
May  8 08:58:14 kali kernel: [    0.953203] pcieport 0000:00:18.3: PME: Signaling with IRQ 51
May  8 08:58:14 kali kernel: [    0.953267] pcieport 0000:00:18.3: pciehp: Slot #259 AttnBtn+ PwrCtrl+ MRL- AttnInd- PwrInd- HotPlug+ Surprise- Interlock- NoCompl+ LLActRep+
May  8 08:58:14 kali kernel: [    0.953990] pcieport 0000:00:18.4: PME: Signaling with IRQ 52
May  8 08:58:14 kali kernel: [    0.954051] pcieport 0000:00:18.4: pciehp: Slot #260 AttnBtn+ PwrCtrl+ MRL- AttnInd- PwrInd- HotPlug+ Surprise- Interlock- NoCompl+ LLActRep+
May  8 08:58:14 kali kernel: [    0.954780] pcieport 0000:00:18.5: PME: Signaling with IRQ 53
May  8 08:58:14 kali kernel: [    0.954848] pcieport 0000:00:18.5: pciehp: Slot #261 AttnBtn+ PwrCtrl+ MRL- AttnInd- PwrInd- HotPlug+ Surprise- Interlock- NoCompl+ LLActRep+
May  8 08:58:14 kali kernel: [    0.955564] pcieport 0000:00:18.6: PME: Signaling with IRQ 54
